Archive member included to satisfy reference by file (symbol)

.\CortexM3\ARM_GCC_541\Debug\Design02.a(CapSense_CSD.o)
                              .\CortexM3\ARM_GCC_541\Debug\main.o (CapSense_CSD_IsBusy)
.\CortexM3\ARM_GCC_541\Debug\Design02.a(CapSense_CSD_CSHL.o)
                              .\CortexM3\ARM_GCC_541\Debug\main.o (CapSense_CSD_InitializeAllBaselines)
.\CortexM3\ARM_GCC_541\Debug\Design02.a(CapSense_CSD_INT.o)
                              .\CortexM3\ARM_GCC_541\Debug\Design02.a(CapSense_CSD.o) (CapSense_CSD_IsrCH0_ISR)
.\CortexM3\ARM_GCC_541\Debug\Design02.a(WaveDAC8.o)
                              .\CortexM3\ARM_GCC_541\Debug\main.o (WaveDAC8_Wave1Setup)
.\CortexM3\ARM_GCC_541\Debug\Design02.a(LCD.o)
                              .\CortexM3\ARM_GCC_541\Debug\main.o (LCD_PrintString)
.\CortexM3\ARM_GCC_541\Debug\Design02.a(CapSense_CSD_CompCH0.o)
                              .\CortexM3\ARM_GCC_541\Debug\Design02.a(CapSense_CSD.o) (CapSense_CSD_CompCH0_Enable)
.\CortexM3\ARM_GCC_541\Debug\Design02.a(CapSense_CSD_IdacCH0.o)
                              .\CortexM3\ARM_GCC_541\Debug\Design02.a(CapSense_CSD.o) (CapSense_CSD_IdacCH0_Enable)
.\CortexM3\ARM_GCC_541\Debug\Design02.a(CapSense_CSD_AMuxCH0.o)
                              .\CortexM3\ARM_GCC_541\Debug\Design02.a(CapSense_CSD.o) (CapSense_CSD_AMuxCH0_Init)
.\CortexM3\ARM_GCC_541\Debug\Design02.a(CapSense_CSD_IntClock.o)
                              .\CortexM3\ARM_GCC_541\Debug\Design02.a(CapSense_CSD.o) (CapSense_CSD_IntClock_Start)
.\CortexM3\ARM_GCC_541\Debug\Design02.a(WaveDAC8_Wave1_DMA_dma.o)
                              .\CortexM3\ARM_GCC_541\Debug\Design02.a(WaveDAC8.o) (WaveDAC8_Wave1_DMA_DmaInitialize)
.\CortexM3\ARM_GCC_541\Debug\Design02.a(WaveDAC8_Wave2_DMA_dma.o)
                              .\CortexM3\ARM_GCC_541\Debug\Design02.a(WaveDAC8.o) (WaveDAC8_Wave2_DMA_DmaInitialize)
.\CortexM3\ARM_GCC_541\Debug\Design02.a(WaveDAC8_VDAC8.o)
                              .\CortexM3\ARM_GCC_541\Debug\Design02.a(WaveDAC8.o) (WaveDAC8_VDAC8_Enable)
.\CortexM3\ARM_GCC_541\Debug\Design02.a(WaveDAC8_BuffAmp.o)
                              .\CortexM3\ARM_GCC_541\Debug\Design02.a(WaveDAC8.o) (WaveDAC8_BuffAmp_Enable)
.\CortexM3\ARM_GCC_541\Debug\Design02.a(CyDmac.o)
                              .\CortexM3\ARM_GCC_541\Debug\Cm3Start.o (CyDmacConfigure)
.\CortexM3\ARM_GCC_541\Debug\Design02.a(CyLib.o)
                              .\CortexM3\ARM_GCC_541\Debug\Cm3Start.o (CyHalt)
.\CortexM3\ARM_GCC_541\Debug\Design02.a(cyPm.o)
                              .\CortexM3\ARM_GCC_541\Debug\Design02.a(CyLib.o) (CyPmReadStatus)
.\CortexM3\ARM_GCC_541\Debug\Design02.a(Clock_1.o)
                              .\CortexM3\ARM_GCC_541\Debug\main.o (Clock_1_Start)
.\CortexM3\ARM_GCC_541\Debug\Design02.a(CyBootAsmGnu.o)
                              .\CortexM3\ARM_GCC_541\Debug\cyfitter_cfg.o (CyDelayCycles)
.\CortexM3\ARM_GCC_541\Debug\Design02.a(LCD_BarGraph.o)
                              .\CortexM3\ARM_GCC_541\Debug\Design02.a(LCD.o) (LCD_LoadCustomFonts)
.\CortexM3\ARM_GCC_541\Debug\Design02.a(CyFlash.o)
                              .\CortexM3\ARM_GCC_541\Debug\Design02.a(cyPm.o) (CyFlash_SetWaitCycles)
.\CortexM3\ARM_GCC_541\Debug\Design02.a(CySpc.o)
                              .\CortexM3\ARM_GCC_541\Debug\Design02.a(CyFlash.o) (CySpcStart)
c:/program files (x86)/cypress/psoc creator/4.4/psoc creator/import/gnu/arm/5.4.1/bin/../lib/gcc/arm-none-eabi/5.4.1/../../../../arm-none-eabi/lib/armv7-m\libm.a(lib_a-s_sin.o)
                              .\CortexM3\ARM_GCC_541\Debug\main.o (sin)
c:/program files (x86)/cypress/psoc creator/4.4/psoc creator/import/gnu/arm/5.4.1/bin/../lib/gcc/arm-none-eabi/5.4.1/../../../../arm-none-eabi/lib/armv7-m\libm.a(lib_a-e_rem_pio2.o)
                              c:/program files (x86)/cypress/psoc creator/4.4/psoc creator/import/gnu/arm/5.4.1/bin/../lib/gcc/arm-none-eabi/5.4.1/../../../../arm-none-eabi/lib/armv7-m\libm.a(lib_a-s_sin.o) (__ieee754_rem_pio2)
c:/program files (x86)/cypress/psoc creator/4.4/psoc creator/import/gnu/arm/5.4.1/bin/../lib/gcc/arm-none-eabi/5.4.1/../../../../arm-none-eabi/lib/armv7-m\libm.a(lib_a-k_cos.o)
                              c:/program files (x86)/cypress/psoc creator/4.4/psoc creator/import/gnu/arm/5.4.1/bin/../lib/gcc/arm-none-eabi/5.4.1/../../../../arm-none-eabi/lib/armv7-m\libm.a(lib_a-s_sin.o) (__kernel_cos)
c:/program files (x86)/cypress/psoc creator/4.4/psoc creator/import/gnu/arm/5.4.1/bin/../lib/gcc/arm-none-eabi/5.4.1/../../../../arm-none-eabi/lib/armv7-m\libm.a(lib_a-k_rem_pio2.o)
                              c:/program files (x86)/cypress/psoc creator/4.4/psoc creator/import/gnu/arm/5.4.1/bin/../lib/gcc/arm-none-eabi/5.4.1/../../../../arm-none-eabi/lib/armv7-m\libm.a(lib_a-e_rem_pio2.o) (__kernel_rem_pio2)
[...]
Memory Configuration

Name             Origin             Length             Attributes
rom              0x00000000         0x00040000         xr
ram              0x1fff8000         0x00010000         xrw
*default*        0x00000000         0xffffffff

Linker script and memory map

LOAD c:/program files (x86)/cypress/psoc creator/4.4/psoc creator/import/gnu/arm/5.4.1/bin/../lib/gcc/arm-none-eabi/5.4.1/armv7-m/crti.o
LOAD c:/program files (x86)/cypress/psoc creator/4.4/psoc creator/import/gnu/arm/5.4.1/bin/../lib/gcc/arm-none-eabi/5.4.1/armv7-m/crtbegin.o
LOAD c:/program files (x86)/cypress/psoc creator/4.4/psoc creator/import/gnu/arm/5.4.1/bin/../lib/gcc/arm-none-eabi/5.4.1/../../../../arm-none-eabi/lib/armv7-m/crt0.o
START GROUP
LOAD .\CortexM3\ARM_GCC_541\Debug\main.o
LOAD .\CortexM3\ARM_GCC_541\Debug\cyfitter_cfg.o
LOAD .\CortexM3\ARM_GCC_541\Debug\cymetadata.o
LOAD .\CortexM3\ARM_GCC_541\Debug\Cm3Start.o
LOAD .\CortexM3\ARM_GCC_541\Debug\Design02.a
LOAD C:\Program Files (x86)\Cypress\PSoC Creator\4.4\PSoC Creator\psoc\content\CyComponentLibrary\CyComponentLibrary.cylib\CapSense_CSD_v3_50\Library\CapSenseLibrary_GCC.a
LOAD C:\Program Files (x86)\Cypress\PSoC Creator\4.4\PSoC Creator\psoc\content\cycomponentlibrary\CyComponentLibrary.cylib\CortexM3\ARM_GCC_541\Debug\CyComponentLibrary.a
LOAD c:/program files (x86)/cypress/psoc creator/4.4/psoc creator/import/gnu/arm/5.4.1/bin/../lib/gcc/arm-none-eabi/5.4.1/../../../../arm-none-eabi/lib/armv7-m\libm.a
END GROUP
START GROUP
LOAD c:/program files (x86)/cypress/psoc creator/4.4/psoc creator/import/gnu/arm/5.4.1/bin/../lib/gcc/arm-none-eabi/5.4.1/armv7-m\libgcc.a
LOAD c:/program files (x86)/cypress/psoc creator/4.4/psoc creator/import/gnu/arm/5.4.1/bin/../lib/gcc/arm-none-eabi/5.4.1/../../../../arm-none-eabi/lib/armv7-m\libg_nano.a
LOAD c:/program files (x86)/cypress/psoc creator/4.4/psoc creator/import/gnu/arm/5.4.1/bin/../lib/gcc/arm-none-eabi/5.4.1/../../../../arm-none-eabi/lib/armv7-m\libc_nano.a
END GROUP
START GROUP
LOAD c:/program files (x86)/cypress/psoc creator/4.4/psoc creator/import/gnu/arm/5.4.1/bin/../lib/gcc/arm-none-eabi/5.4.1/armv7-m\libgcc.a
LOAD c:/program files (x86)/cypress/psoc creator/4.4/psoc creator/import/gnu/arm/5.4.1/bin/../lib/gcc/arm-none-eabi/5.4.1/../../../../arm-none-eabi/lib/armv7-m\libc_nano.a
END GROUP
LOAD c:/program files (x86)/cypress/psoc creator/4.4/psoc creator/import/gnu/arm/5.4.1/bin/../lib/gcc/arm-none-eabi/5.4.1/armv7-m/crtend.o
LOAD c:/program files (x86)/cypress/psoc creator/4.4/psoc creator/import/gnu/arm/5.4.1/bin/../lib/gcc/arm-none-eabi/5.4.1/armv7-m/crtn.o
START GROUP
LOAD c:/program files (x86)/cypress/psoc creator/4.4/psoc creator/import/gnu/arm/5.4.1/bin/../lib/gcc/arm-none-eabi/5.4.1/armv7-m\libgcc.a
LOAD c:/program files (x86)/cypress/psoc creator/4.4/psoc creator/import/gnu/arm/5.4.1/bin/../lib/gcc/arm-none-eabi/5.4.1/../../../../arm-none-eabi/lib/armv7-m\libc.a
LOAD c:/program files (x86)/cypress/psoc creator/4.4/psoc creator/import/gnu/arm/5.4.1/bin/../lib/gcc/arm-none-eabi/5.4.1/../../../../arm-none-eabi/lib/armv7-m\libnosys.a
END GROUP
                0x00000000                CY_APPL_ORIGIN = 0x0
                0x00000100                CY_FLASH_ROW_SIZE = 0x100
                0x00000020                CY_ECC_ROW_SIZE = 0x20
                0x00000000                CY_EE_IN_BTLDR = 0x0
                0x00000000                CY_APPL_LOADABLE = 0x0
                0x00000800                CY_EE_SIZE = 0x800
                0x00000001                CY_APPL_NUM = 0x1
                0x00000001                CY_APPL_MAX = 0x1
                0x00000040                CY_METADATA_SIZE = 0x40
                0x00000000                CY_APPL_LOADABLE = 0x0
                0x00000000                CY_CHECKSUM_EXCLUDE_SIZE = ALIGN (0x0, CY_FLASH_ROW_SIZE)
                [!provide]                PROVIDE (__cy_heap_start, _end)
                0x00000001                PROVIDE (__cy_region_num, ((__cy_regions_end - __cy_regions) / 0x10))
                0x20008000                PROVIDE (__cy_stack, (ORIGIN (ram) + LENGTH (ram)))
                [!provide]                PROVIDE (__cy_heap_end, (__cy_stack - 0x800))

.cybootloader   0x00000000        0x0
 *(.cybootloader)
                0x00000000                appl1_start = CY_APPL_ORIGIN?CY_APPL_ORIGIN:ALIGN (CY_FLASH_ROW_SIZE)
                0x0001ff00                appl2_start = (appl1_start + ALIGN ((((LENGTH (rom) - appl1_start) - (0x2 * CY_FLASH_ROW_SIZE)) / 0x2), CY_FLASH_ROW_SIZE))
                0x00000000                appl_start = (CY_APPL_NUM == 0x1)?appl1_start:appl2_start
                0x00000000                ecc_offset = ((appl_start / CY_FLASH_ROW_SIZE) * CY_ECC_ROW_SIZE)
                0x00000000                ee_offset = (CY_APPL_LOADABLE && ! (CY_EE_IN_BTLDR))?((CY_EE_SIZE / CY_APPL_MAX) * (CY_APPL_NUM - 0x1)):0x0
                0x00000800                ee_size = (CY_APPL_LOADABLE && ! (CY_EE_IN_BTLDR))?(CY_EE_SIZE / CY_APPL_MAX):CY_EE_SIZE
                [!provide]                PROVIDE (CY_ECC_OFFSET, ecc_offset)

.text           0x00000000     0x3cc4
 CREATE_OBJECT_SYMBOLS
                0x00000000                PROVIDE (__cy_interrupt_vector, RomVectors)
 *(.romvectors)
 .romvectors    0x00000000       0x10 .\CortexM3\ARM_GCC_541\Debug\Cm3Start.o
                0x00000000                RomVectors
                0x00000001                ASSERT ((. != __cy_interrupt_vector), No interrupt vector)
                0x00000001                ASSERT (CY_APPL_ORIGIN?(SIZEOF (.cybootloader) <= CY_APPL_ORIGIN):0x1, Wrong image location)
                0x00000010                PROVIDE (__cy_reset, Reset)
 *(.text.Reset)
 .text.Reset    0x00000010       0x18 .\CortexM3\ARM_GCC_541\Debug\Cm3Start.o
                0x00000010                Reset
                0x00000001                ASSERT ((. != __cy_reset), No reset code)
 *(.dma_init)
                0x00000001                ASSERT ((((appl_start + .) <= 0x10000) || 0x1), DMA Init must be within the first 64k of flash)
 *(.text .text.* .gnu.linkonce.t.*)
 .text          0x00000028       0x5c c:/program files (x86)/cypress/psoc creator/4.4/psoc creator/import/gnu/arm/5.4.1/bin/../lib/gcc/arm-none-eabi/5.4.1/armv7-m/crtbegin.o
 *fill*         0x00000084        0x4 
 .text.GenerateSineWave
                0x00000088       0xa0 .\CortexM3\ARM_GCC_541\Debug\main.o
                0x00000088                GenerateSineWave
 .text.UpdateClockFrequency
                0x00000128       0x20 .\CortexM3\ARM_GCC_541\Debug\main.o
                0x00000128                UpdateClockFrequency
 .text.CapSense_DisplayState
                0x00000148      0x150 .\CortexM3\ARM_GCC_541\Debug\main.o
                0x00000148                CapSense_DisplayState
 .text.main     0x00000298       0x54 .\CortexM3\ARM_GCC_541\Debug\main.o
                0x00000298                main
 .text.CyClockStartupError
                0x000002ec        0x4 .\CortexM3\ARM_GCC_541\Debug\cyfitter_cfg.o
 .text.cfg_write_bytes32
                0x000002f0       0x34 .\CortexM3\ARM_GCC_541\Debug\cyfitter_cfg.o
 .text.AnalogSetDefault
                0x00000324       0x60 .\CortexM3\ARM_GCC_541\Debug\cyfitter_cfg.o
 .text.CYMEMZERO
                0x00000384        0xc .\CortexM3\ARM_GCC_541\Debug\cyfitter_cfg.o
 .text.ClockSetup
                0x00000390       0xc8 .\CortexM3\ARM_GCC_541\Debug\cyfitter_cfg.o
 .text.CYCONFIGCPY
                0x00000458        0x8 .\CortexM3\ARM_GCC_541\Debug\cyfitter_cfg.o
 .text.CapSense_CSD_AMuxCH0_Set
                0x00000460       0x1c .\CortexM3\ARM_GCC_541\Debug\cyfitter_cfg.o
                0x00000460                CapSense_CSD_AMuxCH0_Set
 .text.CapSense_CSD_AMuxCH0_Unset
                0x0000047c       0x20 .\CortexM3\ARM_GCC_541\Debug\cyfitter_cfg.o
                0x0000047c                CapSense_CSD_AMuxCH0_Unset
 .text.cyfitter_cfg
                0x0000049c      0x138 .\CortexM3\ARM_GCC_541\Debug\cyfitter_cfg.o
                0x0000049c                cyfitter_cfg
 .text.IntDefaultHandler
                0x000005d4       0x10 .\CortexM3\ARM_GCC_541\Debug\Cm3Start.o
                0x000005d4                IntDefaultHandler
 .text._sbrk    0x000005e4       0x30 .\CortexM3\ARM_GCC_541\Debug\Cm3Start.o
                0x000005e4                _sbrk
 .text.Start_c  0x00000614       0x4c .\CortexM3\ARM_GCC_541\Debug\Cm3Start.o
                0x00000614                Start_c
 .text.initialize_psoc
                0x00000660       0x6c .\CortexM3\ARM_GCC_541\Debug\Cm3Start.o
                0x00000660                initialize_psoc
 .text.CapSense_CSD_Enable
                0x000006cc       0x68 .\CortexM3\ARM_GCC_541\Debug\Design02.a(CapSense_CSD.o)
                0x000006cc                CapSense_CSD_Enable
 .text.CapSense_CSD_FindNextSensor
                0x00000734       0x20 .\CortexM3\ARM_GCC_541\Debug\Design02.a(CapSense_CSD.o)
                0x00000734                CapSense_CSD_FindNextSensor
 .text.CapSense_CSD_IsBusy
                0x00000754       0x10 .\CortexM3\ARM_GCC_541\Debug\Design02.a(CapSense_CSD.o)
                0x00000754                CapSense_CSD_IsBusy
 .text.CapSense_CSD_EnableSensor
                0x00000764       0x34 .\CortexM3\ARM_GCC_541\Debug\Design02.a(CapSense_CSD.o)
                0x00000764                CapSense_CSD_EnableSensor
 .text.CapSense_CSD_DisableSensor
                0x00000798       0x38 .\CortexM3\ARM_GCC_541\Debug\Design02.a(CapSense_CSD.o)
                0x00000798                CapSense_CSD_DisableSensor
 .text.CapSense_CSD_ClearSensors
                0x000007d0       0x18 .\CortexM3\ARM_GCC_541\Debug\Design02.a(CapSense_CSD.o)
                0x000007d0                CapSense_CSD_ClearSensors
 .text.CapSense_CSD_PostScan
                0x000007e8       0x4c .\CortexM3\ARM_GCC_541\Debug\Design02.a(CapSense_CSD.o)
                0x000007e8                CapSense_CSD_PostScan
 .text.CapSense_CSD_SetPrescaler
                0x00000834       0x10 .\CortexM3\ARM_GCC_541\Debug\Design02.a(CapSense_CSD.o)
                0x00000834                CapSense_CSD_SetPrescaler
 .text.CapSense_CSD_SetScanSlotSettings
                0x00000844       0x38 .\CortexM3\ARM_GCC_541\Debug\Design02.a(CapSense_CSD.o)
                0x00000844                CapSense_CSD_SetScanSlotSettings
 .text.CapSense_CSD_PreScan
                0x0000087c       0x34 .\CortexM3\ARM_GCC_541\Debug\Design02.a(CapSense_CSD.o)
                0x0000087c                CapSense_CSD_PreScan
 .text.CapSense_CSD_ScanSensor
                0x000008b0       0x20 .\CortexM3\ARM_GCC_541\Debug\Design02.a(CapSense_CSD.o)
                0x000008b0                CapSense_CSD_ScanSensor
 .text.CapSense_CSD_ScanEnabledWidgets
                0x000008d0       0x38 .\CortexM3\ARM_GCC_541\Debug\Design02.a(CapSense_CSD.o)
                0x000008d0                CapSense_CSD_ScanEnabledWidgets
 .text.CapSense_CSD_SetAnalogSwitchesSource
                0x00000908       0x20 .\CortexM3\ARM_GCC_541\Debug\Design02.a(CapSense_CSD.o)
                0x00000908                CapSense_CSD_SetAnalogSwitchesSource
 .text.CapSense_CSD_Init
                0x00000928       0xe4 .\CortexM3\ARM_GCC_541\Debug\Design02.a(CapSense_CSD.o)
                0x00000928                CapSense_CSD_Init
 .text.CapSense_CSD_Start
                0x00000a0c       0x1c .\CortexM3\ARM_GCC_541\Debug\Design02.a(CapSense_CSD.o)
                0x00000a0c                CapSense_CSD_Start
 .text.CapSense_CSD_BaseInit
                0x00000a28       0x48 .\CortexM3\ARM_GCC_541\Debug\Design02.a(CapSense_CSD_CSHL.o)
                0x00000a28                CapSense_CSD_BaseInit
 .text.CapSense_CSD_InitializeSensorBaseline
                0x00000a70       0x18 .\CortexM3\ARM_GCC_541\Debug\Design02.a(CapSense_CSD_CSHL.o)
                0x00000a70                CapSense_CSD_InitializeSensorBaseline
 .text.CapSense_CSD_InitializeAllBaselines
                0x00000a88       0x18 .\CortexM3\ARM_GCC_541\Debug\Design02.a(CapSense_CSD_CSHL.o)
                0x00000a88                CapSense_CSD_InitializeAllBaselines
 .text.CapSense_CSD_UpdateSensorBaseline
                0x00000aa0       0xb0 .\CortexM3\ARM_GCC_541\Debug\Design02.a(CapSense_CSD_CSHL.o)
                0x00000aa0                CapSense_CSD_UpdateSensorBaseline
 .text.CapSense_CSD_UpdateEnabledBaselines
                0x00000b50       0x2c .\CortexM3\ARM_GCC_541\Debug\Design02.a(CapSense_CSD_CSHL.o)
                0x00000b50                CapSense_CSD_UpdateEnabledBaselines
 .text.CapSense_CSD_CheckIsSensorActive
                0x00000b7c       0x9c .\CortexM3\ARM_GCC_541\Debug\Design02.a(CapSense_CSD_CSHL.o)
                0x00000b7c                CapSense_CSD_CheckIsSensorActive
 .text.CapSense_CSD_CheckIsWidgetActive
                0x00000c18       0x2c .\CortexM3\ARM_GCC_541\Debug\Design02.a(CapSense_CSD_CSHL.o)
                0x00000c18                CapSense_CSD_CheckIsWidgetActive
 .text.CapSense_CSD_FindMaximum
                0x00000c44       0x30 .\CortexM3\ARM_GCC_541\Debug\Design02.a(CapSense_CSD_CSHL.o)
                0x00000c44                CapSense_CSD_FindMaximum
 .text.CapSense_CSD_CalcCentroid
                0x00000c74       0xb8 .\CortexM3\ARM_GCC_541\Debug\Design02.a(CapSense_CSD_CSHL.o)
                0x00000c74                CapSense_CSD_CalcCentroid
 .text.CapSense_CSD_GetCentroidPos
                0x00000d2c       0x48 .\CortexM3\ARM_GCC_541\Debug\Design02.a(CapSense_CSD_CSHL.o)
                0x00000d2c                CapSense_CSD_GetCentroidPos
 .text.CapSense_CSD_IsrCH0_ISR
                0x00000d74       0x50 .\CortexM3\ARM_GCC_541\Debug\Design02.a(CapSense_CSD_INT.o)
                0x00000d74                CapSense_CSD_IsrCH0_ISR
 .text.WaveDAC8_Enable
                0x00000dc4       0x28 .\CortexM3\ARM_GCC_541\Debug\Design02.a(WaveDAC8.o)
                0x00000dc4                WaveDAC8_Enable
 .text.WaveDAC8_Wave1Setup
                0x00000dec       0x40 .\CortexM3\ARM_GCC_541\Debug\Design02.a(WaveDAC8.o)
                0x00000dec                WaveDAC8_Wave1Setup
 .text.WaveDAC8_Wave2Setup
                0x00000e2c       0x40 .\CortexM3\ARM_GCC_541\Debug\Design02.a(WaveDAC8.o)
                0x00000e2c                WaveDAC8_Wave2Setup
 .text.WaveDAC8_Init
                0x00000e6c       0x44 .\CortexM3\ARM_GCC_541\Debug\Design02.a(WaveDAC8.o)
                0x00000e6c                WaveDAC8_Init
 .text.WaveDAC8_Start
                0x00000eb0       0x1c .\CortexM3\ARM_GCC_541\Debug\Design02.a(WaveDAC8.o)
                0x00000eb0                WaveDAC8_Start
 .text.LCD_WrCntrlNib
                0x00000ecc       0x34 .\CortexM3\ARM_GCC_541\Debug\Design02.a(LCD.o)
 .text.LCD_WrDatNib
                0x00000f00       0x44 .\CortexM3\ARM_GCC_541\Debug\Design02.a(LCD.o)
 .text.LCD_IsReady
                0x00000f44       0xe4 .\CortexM3\ARM_GCC_541\Debug\Design02.a(LCD.o)
                0x00000f44                LCD_IsReady
 .text.LCD_WriteData
                0x00001028       0x18 .\CortexM3\ARM_GCC_541\Debug\Design02.a(LCD.o)
                0x00001028                LCD_WriteData
 .text.LCD_PrintString
                0x00001040       0x1c .\CortexM3\ARM_GCC_541\Debug\Design02.a(LCD.o)
                0x00001040                LCD_PrintString
 .text.LCD_WriteControl
                0x0000105c       0x18 .\CortexM3\ARM_GCC_541\Debug\Design02.a(LCD.o)
                0x0000105c                LCD_WriteControl
 .text.LCD_Init
                0x00001074       0x74 .\CortexM3\ARM_GCC_541\Debug\Design02.a(LCD.o)
                0x00001074                LCD_Init
 .text.LCD_Enable
                0x000010e8       0x14 .\CortexM3\ARM_GCC_541\Debug\Design02.a(LCD.o)
                0x000010e8                LCD_Enable
 .text.LCD_Start
                0x000010fc       0x1c .\CortexM3\ARM_GCC_541\Debug\Design02.a(LCD.o)
                0x000010fc                LCD_Start
 .text.LCD_Position
                0x00001118       0x3c .\CortexM3\ARM_GCC_541\Debug\Design02.a(LCD.o)
                0x00001118                LCD_Position
 .text.CapSense_CSD_CompCH0_Enable
                0x00001154       0x1c .\CortexM3\ARM_GCC_541\Debug\Design02.a(CapSense_CSD_CompCH0.o)
                0x00001154                CapSense_CSD_CompCH0_Enable
 .text.CapSense_CSD_CompCH0_SetSpeed
                0x00001170       0x58 .\CortexM3\ARM_GCC_541\Debug\Design02.a(CapSense_CSD_CompCH0.o)
                0x00001170                CapSense_CSD_CompCH0_SetSpeed
 .text.CapSense_CSD_CompCH0_Init
                0x000011c8       0x3c .\CortexM3\ARM_GCC_541\Debug\Design02.a(CapSense_CSD_CompCH0.o)
                0x000011c8                CapSense_CSD_CompCH0_Init
 .text.CapSense_CSD_IdacCH0_Enable
                0x00001204       0x1c .\CortexM3\ARM_GCC_541\Debug\Design02.a(CapSense_CSD_IdacCH0.o)
                0x00001204                CapSense_CSD_IdacCH0_Enable
 .text.CapSense_CSD_IdacCH0_SetSpeed
                0x00001220       0x1c .\CortexM3\ARM_GCC_541\Debug\Design02.a(CapSense_CSD_IdacCH0.o)
                0x00001220                CapSense_CSD_IdacCH0_SetSpeed
 .text.CapSense_CSD_IdacCH0_SetValue
                0x0000123c        0xc .\CortexM3\ARM_GCC_541\Debug\Design02.a(CapSense_CSD_IdacCH0.o)
                0x0000123c                CapSense_CSD_IdacCH0_SetValue
 .text.CapSense_CSD_IdacCH0_DacTrim
                0x00001248       0x34 .\CortexM3\ARM_GCC_541\Debug\Design02.a(CapSense_CSD_IdacCH0.o)
                0x00001248                CapSense_CSD_IdacCH0_DacTrim
 .text.CapSense_CSD_IdacCH0_Init
                0x0000127c       0x2c .\CortexM3\ARM_GCC_541\Debug\Design02.a(CapSense_CSD_IdacCH0.o)
                0x0000127c                CapSense_CSD_IdacCH0_Init
 .text.CapSense_CSD_IdacCH0_SetPolarity
                0x000012a8       0x20 .\CortexM3\ARM_GCC_541\Debug\Design02.a(CapSense_CSD_IdacCH0.o)
                0x000012a8                CapSense_CSD_IdacCH0_SetPolarity
 .text.CapSense_CSD_IdacCH0_SetRange
                0x000012c8       0x20 .\CortexM3\ARM_GCC_541\Debug\Design02.a(CapSense_CSD_IdacCH0.o)
                0x000012c8                CapSense_CSD_IdacCH0_SetRange
 .text.CapSense_CSD_AMuxCH0_DisconnectAll
                0x000012e8       0x18 .\CortexM3\ARM_GCC_541\Debug\Design02.a(CapSense_CSD_AMuxCH0.o)
                0x000012e8                CapSense_CSD_AMuxCH0_DisconnectAll
 .text.CapSense_CSD_AMuxCH0_Init
                0x00001300        0x8 .\CortexM3\ARM_GCC_541\Debug\Design02.a(CapSense_CSD_AMuxCH0.o)
                0x00001300                CapSense_CSD_AMuxCH0_Init
 .text.CapSense_CSD_IntClock_Start
                0x00001308       0x1c .\CortexM3\ARM_GCC_541\Debug\Design02.a(CapSense_CSD_IntClock.o)
                0x00001308                CapSense_CSD_IntClock_Start
 .text.WaveDAC8_Wave1_DMA_DmaInitialize
                0x00001324       0x3c .\CortexM3\ARM_GCC_541\Debug\Design02.a(WaveDAC8_Wave1_DMA_dma.o)
                0x00001324                WaveDAC8_Wave1_DMA_DmaInitialize
 .text.WaveDAC8_Wave2_DMA_DmaInitialize
                0x00001360       0x3c .\CortexM3\ARM_GCC_541\Debug\Design02.a(WaveDAC8_Wave2_DMA_dma.o)
                0x00001360                WaveDAC8_Wave2_DMA_DmaInitialize
 .text.WaveDAC8_VDAC8_Enable
                0x0000139c       0x1c .\CortexM3\ARM_GCC_541\Debug\Design02.a(WaveDAC8_VDAC8.o)
                0x0000139c                WaveDAC8_VDAC8_Enable
 .text.WaveDAC8_VDAC8_SetSpeed
                0x000013b8       0x1c .\CortexM3\ARM_GCC_541\Debug\Design02.a(WaveDAC8_VDAC8.o)
                0x000013b8                WaveDAC8_VDAC8_SetSpeed
 .text.WaveDAC8_VDAC8_SetValue
                0x000013d4        0xc .\CortexM3\ARM_GCC_541\Debug\Design02.a(WaveDAC8_VDAC8.o)
                0x000013d4                WaveDAC8_VDAC8_SetValue
 .text.WaveDAC8_VDAC8_DacTrim
                0x000013e0       0x24 .\CortexM3\ARM_GCC_541\Debug\Design02.a(WaveDAC8_VDAC8.o)
                0x000013e0                WaveDAC8_VDAC8_DacTrim
 .text.WaveDAC8_VDAC8_SetRange
                0x00001404       0x20 .\CortexM3\ARM_GCC_541\Debug\Design02.a(WaveDAC8_VDAC8.o)
                0x00001404                WaveDAC8_VDAC8_SetRange
 .text.WaveDAC8_VDAC8_Init
                0x00001424       0x2c .\CortexM3\ARM_GCC_541\Debug\Design02.a(WaveDAC8_VDAC8.o)
                0x00001424                WaveDAC8_VDAC8_Init
 .text.WaveDAC8_BuffAmp_Enable
                0x00001450       0x28 .\CortexM3\ARM_GCC_541\Debug\Design02.a(WaveDAC8_BuffAmp.o)
                0x00001450                WaveDAC8_BuffAmp_Enable
 .text.WaveDAC8_BuffAmp_SetPower
                0x00001478       0x1c .\CortexM3\ARM_GCC_541\Debug\Design02.a(WaveDAC8_BuffAmp.o)
                0x00001478                WaveDAC8_BuffAmp_SetPower
 .text.WaveDAC8_BuffAmp_Init
                0x00001494        0xc .\CortexM3\ARM_GCC_541\Debug\Design02.a(WaveDAC8_BuffAmp.o)
                0x00001494                WaveDAC8_BuffAmp_Init
 .text.CyDmacConfigure
                0x000014a0       0x34 .\CortexM3\ARM_GCC_541\Debug\Design02.a(CyDmac.o)
                0x000014a0                CyDmacConfigure
 .text.CyDmaChEnable
                0x000014d4       0x38 .\CortexM3\ARM_GCC_541\Debug\Design02.a(CyDmac.o)
                0x000014d4                CyDmaChEnable
 .text.CyDmaChPriority
                0x0000150c       0x24 .\CortexM3\ARM_GCC_541\Debug\Design02.a(CyDmac.o)
                0x0000150c                CyDmaChPriority
 .text.CyDmaChSetExtendedAddress
                0x00001530       0x34 .\CortexM3\ARM_GCC_541\Debug\Design02.a(CyDmac.o)
                0x00001530                CyDmaChSetExtendedAddress
 .text.CyDmaChSetInitialTd
                0x00001564       0x18 .\CortexM3\ARM_GCC_541\Debug\Design02.a(CyDmac.o)
                0x00001564                CyDmaChSetInitialTd
 .text.CyDmaChSetConfiguration
                0x0000157c       0x44 .\CortexM3\ARM_GCC_541\Debug\Design02.a(CyDmac.o)
                0x0000157c                CyDmaChSetConfiguration
 .text.CyDmaTdAllocate
                0x000015c0       0x34 .\CortexM3\ARM_GCC_541\Debug\Design02.a(CyDmac.o)
                0x000015c0                CyDmaTdAllocate
 .text.CyDmaTdSetConfiguration
                0x000015f4       0x28 .\CortexM3\ARM_GCC_541\Debug\Design02.a(CyDmac.o)
                0x000015f4                CyDmaTdSetConfiguration
 .text.CyDmaTdSetAddress
                0x0000161c       0x1c .\CortexM3\ARM_GCC_541\Debug\Design02.a(CyDmac.o)
                0x0000161c                CyDmaTdSetAddress
 .text.CyHalt   0x00001638        0x4 .\CortexM3\ARM_GCC_541\Debug\Design02.a(CyLib.o)
                0x00001638                CyHalt
 .text.CyDelay  0x0000163c       0x2c .\CortexM3\ARM_GCC_541\Debug\Design02.a(CyLib.o)
                0x0000163c                CyDelay
 .text.CyDelayUs
                0x00001668       0x14 .\CortexM3\ARM_GCC_541\Debug\Design02.a(CyLib.o)
                0x00001668                CyDelayUs
 .text.CyIntSetVector
                0x0000167c       0x28 .\CortexM3\ARM_GCC_541\Debug\Design02.a(CyLib.o)
                0x0000167c                CyIntSetVector
 .text.CyIntSetPriority
                0x000016a4       0x30 .\CortexM3\ARM_GCC_541\Debug\Design02.a(CyLib.o)
                0x000016a4                CyIntSetPriority
 .text.Clock_1_Start
                0x000016d4       0x1c .\CortexM3\ARM_GCC_541\Debug\Design02.a(Clock_1.o)
                0x000016d4                Clock_1_Start
 .text.Clock_1_GetDividerRegister
                0x000016f0        0xc .\CortexM3\ARM_GCC_541\Debug\Design02.a(Clock_1.o)
                0x000016f0                Clock_1_GetDividerRegister
 .text.Clock_1_GetSourceRegister
                0x000016fc       0x10 .\CortexM3\ARM_GCC_541\Debug\Design02.a(Clock_1.o)
                0x000016fc                Clock_1_GetSourceRegister
 .text.Clock_1_SetDividerRegister
                0x0000170c       0xdc .\CortexM3\ARM_GCC_541\Debug\Design02.a(Clock_1.o)
                0x0000170c                Clock_1_SetDividerRegister
 .text          0x000017e8       0x20 .\CortexM3\ARM_GCC_541\Debug\Design02.a(CyBootAsmGnu.o)
                0x000017e8                CyDelayCycles
                0x000017f8                CyEnterCriticalSection
                0x00001800                CyExitCriticalSection
 .text.LCD_LoadCustomFonts
                0x00001808       0x2c .\CortexM3\ARM_GCC_541\Debug\Design02.a(LCD_BarGraph.o)
                0x00001808                LCD_LoadCustomFonts
 .text.sin      0x00001834       0x90 c:/program files (x86)/cypress/psoc creator/4.4/psoc creator/import/gnu/arm/5.4.1/bin/../lib/gcc/arm-none-eabi/5.4.1/../../../../arm-none-eabi/lib/armv7-m\libm.a(lib_a-s_sin.o)
                0x00001834                sin
 *fill*         0x000018c4        0x4 
 .text.__ieee754_rem_pio2
                0x000018c8      0x42c c:/program files (x86)/cypress/psoc creator/4.4/psoc creator/import/gnu/arm/5.4.1/bin/../lib/gcc/arm-none-eabi/5.4.1/../../../../arm-none-eabi/lib/armv7-m\libm.a(lib_a-e_rem_pio2.o)
                0x000018c8                __ieee754_rem_pio2
 *fill*         0x00001cf4        0x4 
 .text.__kernel_cos
                0x00001cf8      0x248 c:/program files (x86)/cypress/psoc creator/4.4/psoc creator/import/gnu/arm/5.4.1/bin/../lib/gcc/arm-none-eabi/5.4.1/../../../../arm-none-eabi/lib/armv7-m\libm.a(lib_a-k_cos.o)
                0x00001cf8                __kernel_cos
 .text.__kernel_rem_pio2
                0x00001f40      0x7f0 c:/program files (x86)/cypress/psoc creator/4.4/psoc creator/import/gnu/arm/5.4.1/bin/../lib/gcc/arm-none-eabi/5.4.1/../../../../arm-none-eabi/lib/armv7-m\libm.a(lib_a-k_rem_pio2.o)
                0x00001f40                __kernel_rem_pio2
 .text.__kernel_sin
                0x00002730      0x16c c:/program files (x86)/cypress/psoc creator/4.4/psoc creator/import/gnu/arm/5.4.1/bin/../lib/gcc/arm-none-eabi/5.4.1/../../../../arm-none-eabi/lib/armv7-m\libm.a(lib_a-k_sin.o)
                0x00002730                __kernel_sin
 .text.fabs     0x0000289c        0x8 c:/program files (x86)/cypress/psoc creator/4.4/psoc creator/import/gnu/arm/5.4.1/bin/../lib/gcc/arm-none-eabi/5.4.1/../../../../arm-none-eabi/lib/armv7-m\libm.a(lib_a-s_fabs.o)
                0x0000289c                fabs
 *fill*         0x000028a4        0x4 
 .text.floor    0x000028a8      0x110 c:/program files (x86)/cypress/psoc creator/4.4/psoc creator/import/gnu/arm/5.4.1/bin/../lib/gcc/arm-none-eabi/5.4.1/../../../../arm-none-eabi/lib/armv7-m\libm.a(lib_a-s_floor.o)
                0x000028a8                floor
 .text.scalbn   0x000029b8       0xe4 c:/program files (x86)/cypress/psoc creator/4.4/psoc creator/import/gnu/arm/5.4.1/bin/../lib/gcc/arm-none-eabi/5.4.1/../../../../arm-none-eabi/lib/armv7-m\libm.a(lib_a-s_scalbn.o)
                0x000029b8                scalbn
 .text.copysign
                0x00002a9c       0x10 c:/program files (x86)/cypress/psoc creator/4.4/psoc creator/import/gnu/arm/5.4.1/bin/../lib/gcc/arm-none-eabi/5.4.1/../../../../arm-none-eabi/lib/armv7-m\libm.a(lib_a-s_copysign.o)
                0x00002a9c                copysign
 .text          0x00002aac      0x370 c:/program files (x86)/cypress/psoc creator/4.4/psoc creator/import/gnu/arm/5.4.1/bin/../lib/gcc/arm-none-eabi/5.4.1/armv7-m\libgcc.a(_arm_addsubdf3.o)
                0x00002aac                __aeabi_drsub
                0x00002ab4                __aeabi_dsub
                0x00002ab4                __subdf3
                0x00002ab8                __aeabi_dadd
                0x00002ab8                __adddf3
                0x00002d30                __floatunsidf
                0x00002d30                __aeabi_ui2d
                0x00002d50                __floatsidf
                0x00002d50                __aeabi_i2d
                0x00002d74                __aeabi_f2d
                0x00002d74                __extendsfdf2
                0x00002db0                __floatundidf
                0x00002db0                __aeabi_ul2d
                0x00002dc0                __floatdidf
                0x00002dc0                __aeabi_l2d
 .text          0x00002e1c      0x424 c:/program files (x86)/cypress/psoc creator/4.4/psoc creator/import/gnu/arm/5.4.1/bin/../lib/gcc/arm-none-eabi/5.4.1/armv7-m\libgcc.a(_arm_muldivdf3.o)
                0x00002e1c                __aeabi_dmul
                0x00002e1c                __muldf3
                0x00003070                __divdf3
                0x00003070                __aeabi_ddiv
 .text          0x00003240      0x110 c:/program files (x86)/cypress/psoc creator/4.4/psoc creator/import/gnu/arm/5.4.1/bin/../lib/gcc/arm-none-eabi/5.4.1/armv7-m\libgcc.a(_arm_cmpdf2.o)
                0x00003240                __gtdf2
                0x00003240                __gedf2
                0x00003248                __ltdf2
                0x00003248                __ledf2
                0x00003250                __nedf2
                0x00003250                __eqdf2
                0x00003250                __cmpdf2
                0x000032cc                __aeabi_cdrcmple
                0x000032dc                __aeabi_cdcmpeq
                0x000032dc                __aeabi_cdcmple
                0x000032ec                __aeabi_dcmpeq
                0x00003300                __aeabi_dcmplt
                0x00003314                __aeabi_dcmple
                0x00003328                __aeabi_dcmpge
                0x0000333c                __aeabi_dcmpgt
 .text          0x00003350       0x50 c:/program files (x86)/cypress/psoc creator/4.4/psoc creator/import/gnu/arm/5.4.1/bin/../lib/gcc/arm-none-eabi/5.4.1/armv7-m\libgcc.a(_arm_fixdfsi.o)
                0x00003350                __aeabi_d2iz
                0x00003350                __fixdfsi
 .text          0x000033a0       0x40 c:/program files (x86)/cypress/psoc creator/4.4/psoc creator/import/gnu/arm/5.4.1/bin/../lib/gcc/arm-none-eabi/5.4.1/armv7-m\libgcc.a(_arm_fixunsdfsi.o)
                0x000033a0                __aeabi_d2uiz
                0x000033a0                __fixunsdfsi
 .text.__errno  0x000033e0        0xc c:/program files (x86)/cypress/psoc creator/4.4/psoc creator/import/gnu/arm/5.4.1/bin/../lib/gcc/arm-none-eabi/5.4.1/../../../../arm-none-eabi/lib/armv7-m\libg_nano.a(lib_a-errno.o)
                0x000033e0                __errno
 .text.__libc_init_array
                0x000033ec       0x4c c:/program files (x86)/cypress/psoc creator/4.4/psoc creator/import/gnu/arm/5.4.1/bin/../lib/gcc/arm-none-eabi/5.4.1/../../../../arm-none-eabi/lib/armv7-m\libg_nano.a(lib_a-init.o)
                0x000033ec                __libc_init_array
 .text.memcpy   0x00003438       0x16 c:/program files (x86)/cypress/psoc creator/4.4/psoc creator/import/gnu/arm/5.4.1/bin/../lib/gcc/arm-none-eabi/5.4.1/../../../../arm-none-eabi/lib/armv7-m\libg_nano.a(lib_a-memcpy-stub.o)
                0x00003438                memcpy
 .text.memset   0x0000344e       0x10 c:/program files (x86)/cypress/psoc creator/4.4/psoc creator/import/gnu/arm/5.4.1/bin/../lib/gcc/arm-none-eabi/5.4.1/../../../../arm-none-eabi/lib/armv7-m\libg_nano.a(lib_a-memset.o)
                0x0000344e                memset
 *fill*         0x0000345e        0x2 
 .text.snprintf
                0x00003460       0x64 c:/program files (x86)/cypress/psoc creator/4.4/psoc creator/import/gnu/arm/5.4.1/bin/../lib/gcc/arm-none-eabi/5.4.1/../../../../arm-none-eabi/lib/armv7-m\libg_nano.a(lib_a-snprintf.o)
                0x00003460                sniprintf
                0x00003460                snprintf
 .text.__ssputs_r
                0x000034c4       0xb2 c:/program files (x86)/cypress/psoc creator/4.4/psoc creator/import/gnu/arm/5.4.1/bin/../lib/gcc/arm-none-eabi/5.4.1/../../../../arm-none-eabi/lib/armv7-m\libg_nano.a(lib_a-nano-svfprintf.o)
                0x000034c4                __ssputs_r
 *fill*         0x00003576        0x2 
 .text._svfprintf_r
                0x00003578      0x1e8 c:/program files (x86)/cypress/psoc creator/4.4/psoc creator/import/gnu/arm/5.4.1/bin/../lib/gcc/arm-none-eabi/5.4.1/../../../../arm-none-eabi/lib/armv7-m\libg_nano.a(lib_a-nano-svfprintf.o)
                0x00003578                _svfiprintf_r
                0x00003578                _svfprintf_r
 .text._printf_common
                0x00003760       0xec c:/program files (x86)/cypress/psoc creator/4.4/psoc creator/import/gnu/arm/5.4.1/bin/../lib/gcc/arm-none-eabi/5.4.1/../../../../arm-none-eabi/lib/armv7-m\libg_nano.a(lib_a-nano-vfprintf_i.o)
                0x00003760                _printf_common
 .text._printf_i
                0x0000384c      0x24c c:/program files (x86)/cypress/psoc creator/4.4/psoc creator/import/gnu/arm/5.4.1/bin/../lib/gcc/arm-none-eabi/5.4.1/../../../../arm-none-eabi/lib/armv7-m\libg_nano.a(lib_a-nano-vfprintf_i.o)
                0x0000384c                _printf_i
 .text.memchr   0x00003a98       0x1c c:/program files (x86)/cypress/psoc creator/4.4/psoc creator/import/gnu/arm/5.4.1/bin/../lib/gcc/arm-none-eabi/5.4.1/../../../../arm-none-eabi/lib/armv7-m\libg_nano.a(lib_a-memchr-stub.o)
                0x00003a98                memchr
 .text.memmove  0x00003ab4       0x36 c:/program files (x86)/cypress/psoc creator/4.4/psoc creator/import/gnu/arm/5.4.1/bin/../lib/gcc/arm-none-eabi/5.4.1/../../../../arm-none-eabi/lib/armv7-m\libg_nano.a(lib_a-memmove.o)
                0x00003ab4                memmove
 *fill*         0x00003aea        0x2 
 .text._free_r  0x00003aec       0x98 c:/program files (x86)/cypress/psoc creator/4.4/psoc creator/import/gnu/arm/5.4.1/bin/../lib/gcc/arm-none-eabi/5.4.1/../../../../arm-none-eabi/lib/armv7-m\libg_nano.a(lib_a-nano-freer.o)
                0x00003aec                _free_r
 .text._malloc_r
                0x00003b84       0xbc c:/program files (x86)/cypress/psoc creator/4.4/psoc creator/import/gnu/arm/5.4.1/bin/../lib/gcc/arm-none-eabi/5.4.1/../../../../arm-none-eabi/lib/armv7-m\libg_nano.a(lib_a-nano-mallocr.o)
                0x00003b84                _malloc_r
 .text._realloc_r
                0x00003c40       0x4c c:/program files (x86)/cypress/psoc creator/4.4/psoc creator/import/gnu/arm/5.4.1/bin/../lib/gcc/arm-none-eabi/5.4.1/../../../../arm-none-eabi/lib/armv7-m\libg_nano.a(lib_a-nano-reallocr.o)
                0x00003c40                _realloc_r
 .text._sbrk_r  0x00003c8c       0x20 c:/program files (x86)/cypress/psoc creator/4.4/psoc creator/import/gnu/arm/5.4.1/bin/../lib/gcc/arm-none-eabi/5.4.1/../../../../arm-none-eabi/lib/armv7-m\libg_nano.a(lib_a-sbrkr.o)
                0x00003c8c                _sbrk_r
 .text.__malloc_lock
                0x00003cac        0x2 c:/program files (x86)/cypress/psoc creator/4.4/psoc creator/import/gnu/arm/5.4.1/bin/../lib/gcc/arm-none-eabi/5.4.1/../../../../arm-none-eabi/lib/armv7-m\libg_nano.a(lib_a-mlock.o)
                0x00003cac                __malloc_lock
 .text.__malloc_unlock
                0x00003cae        0x2 c:/program files (x86)/cypress/psoc creator/4.4/psoc creator/import/gnu/arm/5.4.1/bin/../lib/gcc/arm-none-eabi/5.4.1/../../../../arm-none-eabi/lib/armv7-m\libg_nano.a(lib_a-mlock.o)
                0x00003cae                __malloc_unlock
 .text._malloc_usable_size_r
                0x00003cb0       0x14 c:/program files (x86)/cypress/psoc creator/4.4/psoc creator/import/gnu/arm/5.4.1/bin/../lib/gcc/arm-none-eabi/5.4.1/../../../../arm-none-eabi/lib/armv7-m\libg_nano.a(lib_a-nano-msizer.o)
                0x00003cb0                _malloc_usable_size_r
 *(.plt)
 *(.gnu.warning)
 *(.glue_7t)
 .glue_7t       0x00003cc4        0x0 linker stubs
 *(.glue_7)
 .glue_7        0x00003cc4        0x0 linker stubs
 *(.vfp11_veneer)
 .vfp11_veneer  0x00003cc4        0x0 linker stubs
 *(.bootloader)
 *(.ARM.extab* .gnu.linkonce.armextab.*)
 *(.gcc_except_table)

.v4_bx          0x00003cc4        0x0
 .v4_bx         0x00003cc4        0x0 linker stubs

.iplt           0x00003cc4        0x0
 .iplt          0x00003cc4        0x0 c:/program files (x86)/cypress/psoc creator/4.4/psoc creator/import/gnu/arm/5.4.1/bin/../lib/gcc/arm-none-eabi/5.4.1/armv7-m/crtbegin.o

.eh_frame_hdr
 *(.eh_frame_hdr)

.eh_frame       0x00003cc4        0x4
 *(.eh_frame)
 .eh_frame      0x00003cc4        0x0 c:/program files (x86)/cypress/psoc creator/4.4/psoc creator/import/gnu/arm/5.4.1/bin/../lib/gcc/arm-none-eabi/5.4.1/armv7-m/crtbegin.o
 .eh_frame      0x00003cc4        0x4 c:/program files (x86)/cypress/psoc creator/4.4/psoc creator/import/gnu/arm/5.4.1/bin/../lib/gcc/arm-none-eabi/5.4.1/armv7-m/crtend.o
                [!provide]                PROVIDE (__exidx_start, .)

.ARM.exidx
 *(.ARM.exidx* .gnu.linkonce.armexidx.*)
                0x00003cc8                __exidx_end = .

.rodata         0x00003cc8      0x430
 *(.rodata .rodata.* .gnu.linkonce.r.*)
 .rodata.str1.4
                0x00003cc8       0x1c .\CortexM3\ARM_GCC_541\Debug\main.o
                                 0x1a (size before relaxing)
 .rodata        0x00003ce4       0x6a .\CortexM3\ARM_GCC_541\Debug\cyfitter_cfg.o
                0x00003ce4                CapSense_CSD_AMuxCH0__addrTable
                0x00003d0c                CapSense_CSD_AMuxCH0__maskTable
 *fill*         0x00003d4e        0x2 
 .rodata        0x00003d50       0x5f .\CortexM3\ARM_GCC_541\Debug\Design02.a(CapSense_CSD.o)
                0x00003d50                CapSense_CSD_portTable
                0x00003d58                CapSense_CSD_maskTable
                0x00003d60                CapSense_CSD_pcTable
                0x00003d7c                CapSense_CSD_csTable
                0x00003d9c                CapSense_CSD_widgetNumber
                0x00003da4                CapSense_CSD_idacSettings
                0x00003dac                CapSense_CSD_widgetResolution
 *fill*         0x00003daf        0x1 
 .rodata        0x00003db0       0x26 .\CortexM3\ARM_GCC_541\Debug\Design02.a(CapSense_CSD_CSHL.o)
                0x00003db0                CapSense_CSD_debounce
                0x00003db4                CapSense_CSD_noiseThreshold
                0x00003dbc                CapSense_CSD_fingerThreshold
                0x00003dc4                CapSense_CSD_hysteresis
                0x00003dcc                CapSense_CSD_rawDataIndex
                0x00003dd0                CapSense_CSD_numberOfSensors
                0x00003dd4                CapSense_CSD_centroidMult
 *fill*         0x00003dd6        0x2 
 .rodata        0x00003dd8       0x96 .\CortexM3\ARM_GCC_541\Debug\Design02.a(WaveDAC8.o)
                0x00003dd8                WaveDAC8_wave1
                0x00003e3c                WaveDAC8_wave2
 *fill*         0x00003e6e        0x2 
 .rodata        0x00003e70       0x40 .\CortexM3\ARM_GCC_541\Debug\Design02.a(LCD_BarGraph.o)
                0x00003e70                LCD_customFonts
 .rodata.npio2_hw
                0x00003eb0       0x80 c:/program files (x86)/cypress/psoc creator/4.4/psoc creator/import/gnu/arm/5.4.1/bin/../lib/gcc/arm-none-eabi/5.4.1/../../../../arm-none-eabi/lib/armv7-m\libm.a(lib_a-e_rem_pio2.o)
 .rodata.two_over_pi
                0x00003f30      0x108 c:/program files (x86)/cypress/psoc creator/4.4/psoc creator/import/gnu/arm/5.4.1/bin/../lib/gcc/arm-none-eabi/5.4.1/../../../../arm-none-eabi/lib/armv7-m\libm.a(lib_a-e_rem_pio2.o)
 .rodata.init_jk
                0x00004038       0x10 c:/program files (x86)/cypress/psoc creator/4.4/psoc creator/import/gnu/arm/5.4.1/bin/../lib/gcc/arm-none-eabi/5.4.1/../../../../arm-none-eabi/lib/armv7-m\libm.a(lib_a-k_rem_pio2.o)
 .rodata.PIo2   0x00004048       0x40 c:/program files (x86)/cypress/psoc creator/4.4/psoc creator/import/gnu/arm/5.4.1/bin/../lib/gcc/arm-none-eabi/5.4.1/../../../../arm-none-eabi/lib/armv7-m\libm.a(lib_a-k_rem_pio2.o)
 .rodata.str1.1
                0x00004088        0x2 c:/program files (x86)/cypress/psoc creator/4.4/psoc creator/import/gnu/arm/5.4.1/bin/../lib/gcc/arm-none-eabi/5.4.1/../../../../arm-none-eabi/lib/armv7-m\libg_nano.a(lib_a-impure.o)
 .rodata.str1.1
                0x0000408a       0x11 c:/program files (x86)/cypress/psoc creator/4.4/psoc creator/import/gnu/arm/5.4.1/bin/../lib/gcc/arm-none-eabi/5.4.1/../../../../arm-none-eabi/lib/armv7-m\libg_nano.a(lib_a-nano-svfprintf.o)
 .rodata.str1.1
                0x0000409b       0x22 c:/program files (x86)/cypress/psoc creator/4.4/psoc creator/import/gnu/arm/5.4.1/bin/../lib/gcc/arm-none-eabi/5.4.1/../../../../arm-none-eabi/lib/armv7-m\libg_nano.a(lib_a-nano-vfprintf_i.o)
                0x000040c0                . = ALIGN (0x4)
 *fill*         0x000040bd        0x3 
 *(.init)
 .init          0x000040c0        0x4 c:/program files (x86)/cypress/psoc creator/4.4/psoc creator/import/gnu/arm/5.4.1/bin/../lib/gcc/arm-none-eabi/5.4.1/armv7-m/crti.o
                0x000040c0                _init
 .init          0x000040c4        0x8 c:/program files (x86)/cypress/psoc creator/4.4/psoc creator/import/gnu/arm/5.4.1/bin/../lib/gcc/arm-none-eabi/5.4.1/armv7-m/crtn.o
                0x000040cc                . = ALIGN (0x4)
                0x000040cc                __preinit_array_start = .
 *(.preinit_array)
                0x000040cc                __preinit_array_end = .
                0x000040cc                . = ALIGN (0x4)
                0x000040cc                __init_array_start = .
 *(SORT(.init_array.*))
 *(.init_array)
 .init_array    0x000040cc        0x4 c:/program files (x86)/cypress/psoc creator/4.4/psoc creator/import/gnu/arm/5.4.1/bin/../lib/gcc/arm-none-eabi/5.4.1/armv7-m/crtbegin.o
 .init_array    0x000040d0        0x4 .\CortexM3\ARM_GCC_541\Debug\Cm3Start.o
                0x000040d4                __init_array_end = .
                0x000040d4                . = ALIGN (0x4)
 *(.fini)
 .fini          0x000040d4        0x4 c:/program files (x86)/cypress/psoc creator/4.4/psoc creator/import/gnu/arm/5.4.1/bin/../lib/gcc/arm-none-eabi/5.4.1/armv7-m/crti.o
                0x000040d4                _fini
 .fini          0x000040d8        0x8 c:/program files (x86)/cypress/psoc creator/4.4/psoc creator/import/gnu/arm/5.4.1/bin/../lib/gcc/arm-none-eabi/5.4.1/armv7-m/crtn.o
                0x000040e0                . = ALIGN (0x4)
                0x000040e0                __fini_array_start = .
 *(.fini_array)
 .fini_array    0x000040e0        0x4 c:/program files (x86)/cypress/psoc creator/4.4/psoc creator/import/gnu/arm/5.4.1/bin/../lib/gcc/arm-none-eabi/5.4.1/armv7-m/crtbegin.o
 *(SORT(.fini_array.*))
                0x000040e4                __fini_array_end = .
                0x000040e4                . = ALIGN (0x4)
 *crtbegin.o(.ctors)
 *(EXCLUDE_FILE(*crtend.o) .ctors)
 *(SORT(.ctors.*))
 *crtend.o(.ctors)
                0x000040e4                . = ALIGN (0x4)
 *crtbegin.o(.dtors)
 *(EXCLUDE_FILE(*crtend.o) .dtors)
 *(SORT(.dtors.*))
 *crtend.o(.dtors)
                0x000040e4                . = ALIGN (0x4)
                0x000040e4                __cy_regions = .
                0x000040e4        0x4 LONG 0x40f8 __cy_region_init_ram
                0x000040e8        0x4 LONG 0x1fff80c8 __cy_region_start_data
                0x000040ec        0x4 LONG 0xa8 __cy_region_init_size_ram
                0x000040f0        0x4 LONG 0xc8 __cy_region_zero_size_ram
                0x000040f4                __cy_regions_end = .
                0x000040f8                . = ALIGN (0x8)
 *fill*         0x000040f4        0x4 
                0x000040f8                _etext = .

.cy_checksum_exclude
                0x000040f8        0x0
 *(.cy_checksum_exclude)

.ramvectors     0x1fff8000       0xc0
                0x1fff8000                __cy_region_start_ram = .
 *(.ramvectors)
 .ramvectors    0x1fff8000       0xc0 .\CortexM3\ARM_GCC_541\Debug\Cm3Start.o
                0x1fff8000                CyRamVectors

.noinit         0x1fff80c0        0x1
 *(.noinit)
 .noinit        0x1fff80c0        0x1 .\CortexM3\ARM_GCC_541\Debug\Design02.a(CyLib.o)
                0x1fff80c0                CyResetStatus

.data           0x1fff80c8       0xa8 load address 0x000040f8
                0x1fff80c8                __cy_region_start_data = .
 *(.jcr)
 .jcr           0x1fff80c8        0x0 c:/program files (x86)/cypress/psoc creator/4.4/psoc creator/import/gnu/arm/5.4.1/bin/../lib/gcc/arm-none-eabi/5.4.1/armv7-m/crtbegin.o
 .jcr           0x1fff80c8        0x4 c:/program files (x86)/cypress/psoc creator/4.4/psoc creator/import/gnu/arm/5.4.1/bin/../lib/gcc/arm-none-eabi/5.4.1/armv7-m/crtend.o
 *(.got.plt)
 *(.got)
 *(.shdata)
 *(.data .data.* .gnu.linkonce.d.*)
 .data          0x1fff80cc        0xd .\CortexM3\ARM_GCC_541\Debug\main.o
                0x1fff80cc                amplitude
                0x1fff80d0                frequency
                0x1fff80d2                clockDivider
                0x1fff80d4                theoreticalAmplitude
                0x1fff80d8                barLength
 *fill*         0x1fff80d9        0x3 
 .data          0x1fff80dc        0x4 .\CortexM3\ARM_GCC_541\Debug\Cm3Start.o
 .data          0x1fff80e0        0xb .\CortexM3\ARM_GCC_541\Debug\Design02.a(CapSense_CSD.o)
                0x1fff80e0                CapSense_CSD_sensorEnableMask
                0x1fff80e4                CapSense_CSD_analogSwitchDivider
 .data          0x1fff80eb        0x1 .\CortexM3\ARM_GCC_541\Debug\Design02.a(WaveDAC8_Wave1_DMA_dma.o)
                0x1fff80eb                WaveDAC8_Wave1_DMA_DmaHandle
 .data          0x1fff80ec        0x1 .\CortexM3\ARM_GCC_541\Debug\Design02.a(WaveDAC8_Wave2_DMA_dma.o)
                0x1fff80ec                WaveDAC8_Wave2_DMA_DmaHandle
 *fill*         0x1fff80ed        0x3 
 .data          0x1fff80f0        0x8 .\CortexM3\ARM_GCC_541\Debug\Design02.a(CyDmac.o)
 .data          0x1fff80f8       0x10 .\CortexM3\ARM_GCC_541\Debug\Design02.a(CyLib.o)
                0x1fff80f8                cydelay_32k_ms
                0x1fff80fc                cydelay_freq_khz
                0x1fff8100                cydelay_freq_mhz
                0x1fff8104                cydelay_freq_hz
 .data.impure_data
                0x1fff8108       0x60 c:/program files (x86)/cypress/psoc creator/4.4/psoc creator/import/gnu/arm/5.4.1/bin/../lib/gcc/arm-none-eabi/5.4.1/../../../../arm-none-eabi/lib/armv7-m\libg_nano.a(lib_a-impure.o)
 .data._impure_ptr
                0x1fff8168        0x4 c:/program files (x86)/cypress/psoc creator/4.4/psoc creator/import/gnu/arm/5.4.1/bin/../lib/gcc/arm-none-eabi/5.4.1/../../../../arm-none-eabi/lib/armv7-m\libg_nano.a(lib_a-impure.o)
                0x1fff8168                _impure_ptr
                0x1fff8170                . = ALIGN (0x8)
 *fill*         0x1fff816c        0x4 
 *(.ram)
                0x1fff8170                _edata = .

.igot.plt       0x1fff8170        0x0 load address 0x000041a0
 .igot.plt      0x1fff8170        0x0 c:/program files (x86)/cypress/psoc creator/4.4/psoc creator/import/gnu/arm/5.4.1/bin/../lib/gcc/arm-none-eabi/5.4.1/armv7-m/crtbegin.o

.bss            0x1fff8170       0xc8 load address 0x000041a0
                0x1fff8170                PROVIDE (__bss_start__, .)
 *(.shbss)
 *(.bss .bss.* .gnu.linkonce.b.*)
 .bss           0x1fff8170       0x1c c:/program files (x86)/cypress/psoc creator/4.4/psoc creator/import/gnu/arm/5.4.1/bin/../lib/gcc/arm-none-eabi/5.4.1/armv7-m/crtbegin.o
 .bss           0x1fff818c        0x2 .\CortexM3\ARM_GCC_541\Debug\main.o
 .bss           0x1fff818e        0x1 .\CortexM3\ARM_GCC_541\Debug\Design02.a(CapSense_CSD.o)
 *fill*         0x1fff818f        0x1 
 .bss           0x1fff8190        0xa .\CortexM3\ARM_GCC_541\Debug\Design02.a(CapSense_CSD_CSHL.o)
                0x1fff8190                CapSense_CSD_debounceCounter
 .bss           0x1fff819a        0x5 .\CortexM3\ARM_GCC_541\Debug\Design02.a(WaveDAC8.o)
                0x1fff819e                WaveDAC8_initVar
 .bss           0x1fff819f        0x2 .\CortexM3\ARM_GCC_541\Debug\Design02.a(LCD.o)
                0x1fff819f                LCD_enableState
                0x1fff81a0                LCD_initVar
 *fill*         0x1fff81a1        0x3 
 .bss.__malloc_sbrk_start
                0x1fff81a4        0x4 c:/program files (x86)/cypress/psoc creator/4.4/psoc creator/import/gnu/arm/5.4.1/bin/../lib/gcc/arm-none-eabi/5.4.1/../../../../arm-none-eabi/lib/armv7-m\libg_nano.a(lib_a-nano-mallocr.o)
                0x1fff81a4                __malloc_sbrk_start
 .bss.__malloc_free_list
                0x1fff81a8        0x4 c:/program files (x86)/cypress/psoc creator/4.4/psoc creator/import/gnu/arm/5.4.1/bin/../lib/gcc/arm-none-eabi/5.4.1/../../../../arm-none-eabi/lib/armv7-m\libg_nano.a(lib_a-nano-mallocr.o)
                0x1fff81a8                __malloc_free_list
 *(COMMON)
 COMMON         0x1fff81ac       0x40 .\CortexM3\ARM_GCC_541\Debug\main.o
                0x1fff81ac                waveData
 COMMON         0x1fff81ec       0x12 .\CortexM3\ARM_GCC_541\Debug\Design02.a(CapSense_CSD.o)
                0x1fff81ec                CapSense_CSD_sensorIndex
                0x1fff81ed                CapSense_CSD_csv
                0x1fff81f0                CapSense_CSD_sensorRaw
 *fill*         0x1fff81fe        0x2 
 COMMON         0x1fff8200       0x33 .\CortexM3\ARM_GCC_541\Debug\Design02.a(CapSense_CSD_CSHL.o)
                0x1fff8200                CapSense_CSD_sensorSignal
                0x1fff8210                CapSense_CSD_sensorBaseline
                0x1fff8220                CapSense_CSD_sensorBaselineLow
                0x1fff8228                CapSense_CSD_sensorOnMask
                0x1fff822c                CapSense_CSD_lowBaselineResetCnt
 *fill*         0x1fff8233        0x1 
 COMMON         0x1fff8234        0x4 c:/program files (x86)/cypress/psoc creator/4.4/psoc creator/import/gnu/arm/5.4.1/bin/../lib/gcc/arm-none-eabi/5.4.1/../../../../arm-none-eabi/lib/armv7-m\libg_nano.a(lib_a-reent.o)
                0x1fff8234                errno
                0x1fff8238                . = ALIGN (0x8)
 *(.ram.b)
                0x1fff8238                _end = .
                0x1fff8238                __end = .
                0x1fff8238                PROVIDE (end, .)
                0x1fff8238                PROVIDE (__bss_end__, .)
                0x000040f8                __cy_region_init_ram = LOADADDR (.data)
                0x000000a8                __cy_region_init_size_ram = (_edata - ADDR (.data))
                0x000000c8                __cy_region_zero_size_ram = (_end - _edata)

.heap           0x1fff8238       0x80 load address 0x000041a0
                0x1fff8238                . = _end
                0x1fff82b8                . = (. + 0x80)
 *fill*         0x1fff8238       0x80 
                0x1fff82b8                __cy_heap_limit = .

.stack          0x20007800      0x800
                0x20007800                __cy_stack_limit = .
                0x20008000                . = (. + 0x800)
 *fill*         0x20007800      0x800 
                0x00000001                ASSERT ((__cy_stack_limit >= __cy_heap_limit), region RAM overflowed with stack)
                0x00000000                cy_checksum_exclude_size = (CY_APPL_LOADABLE == 0x1)?SIZEOF (.cy_checksum_exclude):0x0
                0x00000001                ASSERT ((cy_checksum_exclude_size <= CY_CHECKSUM_EXCLUDE_SIZE), CY_BOOT: Section .cy_checksum_exclude size exceedes specified limit.)

.cyloadermeta
 *(.cyloadermeta)

.cyloadablemeta
 *(.cyloadablemeta)

.cyconfigecc    0x80000000      0x388
 *(.cyconfigecc)
 .cyconfigecc   0x80000000      0x388 .\CortexM3\ARM_GCC_541\Debug\cymetadata.o
                0x80000000                cy_meta_configecc

.cycustnvl      0x90000000        0x4
 *(.cycustnvl)
 .cycustnvl     0x90000000        0x4 .\CortexM3\ARM_GCC_541\Debug\cymetadata.o
                0x90000000                cy_meta_custnvl

.cywolatch      0x90100000        0x4
 *(.cywolatch)
 .cywolatch     0x90100000        0x4 .\CortexM3\ARM_GCC_541\Debug\cymetadata.o
                0x90100000                cy_meta_wonvl

.cyeeprom       0x90200000        0x0
 *(.cyeeprom)
                0x00000001                ASSERT ((. <= ((0x90200000 + ee_offset) + ee_size)), .cyeeprom data will not fit in EEPROM)

.cyflashprotect
                0x90400000      0x100
 *(.cyflashprotect)
 .cyflashprotect
                0x90400000      0x100 .\CortexM3\ARM_GCC_541\Debug\cymetadata.o
                0x90400000                cy_meta_flashprotect

.cymeta         0x90500000        0xc
 *(.cymeta)
 .cymeta        0x90500000        0xc .\CortexM3\ARM_GCC_541\Debug\cymetadata.o
                0x90500000                cy_metadata

.rel.dyn        0x000041a0        0x0 load address 0x9050000c
 .rel.iplt      0x000041a0        0x0 c:/program files (x86)/cypress/psoc creator/4.4/psoc creator/import/gnu/arm/5.4.1/bin/../lib/gcc/arm-none-eabi/5.4.1/armv7-m/crtbegin.o

.stab
 *(.stab)

.stabstr
 *(.stabstr)

.debug
 *(.debug)

.line
 *(.line)

.debug_srcinfo
 *(.debug_srcinfo)

.debug_sfnames
 *(.debug_sfnames)

.debug_aranges  0x00000000      0xb88
 *(.debug_aranges)
 .debug_aranges
                0x00000000       0x40 .\CortexM3\ARM_GCC_541\Debug\main.o
 .debug_aranges
                0x00000040       0x68 .\CortexM3\ARM_GCC_541\Debug\cyfitter_cfg.o
 .debug_aranges
                0x000000a8       0x18 .\CortexM3\ARM_GCC_541\Debug\cymetadata.o
 .debug_aranges
                0x000000c0       0x48 .\CortexM3\ARM_GCC_541\Debug\Cm3Start.o
 .debug_aranges
                0x00000108       0xb0 .\CortexM3\ARM_GCC_541\Debug\Design02.a(CapSense_CSD.o)
 .debug_aranges
                0x000001b8       0x88 .\CortexM3\ARM_GCC_541\Debug\Design02.a(CapSense_CSD_CSHL.o)
 .debug_aranges
                0x00000240       0x20 .\CortexM3\ARM_GCC_541\Debug\Design02.a(CapSense_CSD_INT.o)
 .debug_aranges
                0x00000260       0x50 .\CortexM3\ARM_GCC_541\Debug\Design02.a(WaveDAC8.o)
 .debug_aranges
                0x000002b0       0x98 .\CortexM3\ARM_GCC_541\Debug\Design02.a(LCD.o)
 .debug_aranges
                0x00000348       0x70 .\CortexM3\ARM_GCC_541\Debug\Design02.a(CapSense_CSD_CompCH0.o)
 .debug_aranges
                0x000003b8       0x60 .\CortexM3\ARM_GCC_541\Debug\Design02.a(CapSense_CSD_IdacCH0.o)
 .debug_aranges
                0x00000418       0x48 .\CortexM3\ARM_GCC_541\Debug\Design02.a(CapSense_CSD_AMuxCH0.o)
 .debug_aranges
                0x00000460       0x70 .\CortexM3\ARM_GCC_541\Debug\Design02.a(CapSense_CSD_IntClock.o)
 .debug_aranges
                0x000004d0       0x28 .\CortexM3\ARM_GCC_541\Debug\Design02.a(WaveDAC8_Wave1_DMA_dma.o)
 .debug_aranges
                0x000004f8       0x28 .\CortexM3\ARM_GCC_541\Debug\Design02.a(WaveDAC8_Wave2_DMA_dma.o)
 .debug_aranges
                0x00000520       0x58 .\CortexM3\ARM_GCC_541\Debug\Design02.a(WaveDAC8_VDAC8.o)
 .debug_aranges
                0x00000578       0x40 .\CortexM3\ARM_GCC_541\Debug\Design02.a(WaveDAC8_BuffAmp.o)
 .debug_aranges
                0x000005b8       0xd8 .\CortexM3\ARM_GCC_541\Debug\Design02.a(CyDmac.o)
 .debug_aranges
                0x00000690      0x2a0 .\CortexM3\ARM_GCC_541\Debug\Design02.a(CyLib.o)
 .debug_aranges
                0x00000930       0x98 .\CortexM3\ARM_GCC_541\Debug\Design02.a(cyPm.o)
 .debug_aranges
                0x000009c8       0x70 .\CortexM3\ARM_GCC_541\Debug\Design02.a(Clock_1.o)
 .debug_aranges
                0x00000a38       0x20 .\CortexM3\ARM_GCC_541\Debug\Design02.a(CyBootAsmGnu.o)
 .debug_aranges
                0x00000a58       0x28 .\CortexM3\ARM_GCC_541\Debug\Design02.a(LCD_BarGraph.o)
 .debug_aranges
                0x00000a80       0x88 .\CortexM3\ARM_GCC_541\Debug\Design02.a(CyFlash.o)
 .debug_aranges
                0x00000b08       0x80 .\CortexM3\ARM_GCC_541\Debug\Design02.a(CySpc.o)

.debug_pubnames
 *(.debug_pubnames)

.debug_info     0x00000000     0x7662
 *(.debug_info .gnu.linkonce.wi.*)
 .debug_info    0x00000000      0x56b .\CortexM3\ARM_GCC_541\Debug\main.o
 .debug_info    0x0000056b      0x5e4 .\CortexM3\ARM_GCC_541\Debug\cyfitter_cfg.o
 .debug_info    0x00000b4f      0x135 .\CortexM3\ARM_GCC_541\Debug\cymetadata.o
 .debug_info    0x00000c84      0x3cf .\CortexM3\ARM_GCC_541\Debug\Cm3Start.o
 .debug_info    0x00001053      0x846 .\CortexM3\ARM_GCC_541\Debug\Design02.a(CapSense_CSD.o)
 .debug_info    0x00001899      0x8df .\CortexM3\ARM_GCC_541\Debug\Design02.a(CapSense_CSD_CSHL.o)
 .debug_info    0x00002178      0x10d .\CortexM3\ARM_GCC_541\Debug\Design02.a(CapSense_CSD_INT.o)
 .debug_info    0x00002285      0x513 .\CortexM3\ARM_GCC_541\Debug\Design02.a(WaveDAC8.o)
 .debug_info    0x00002798      0x752 .\CortexM3\ARM_GCC_541\Debug\Design02.a(LCD.o)
 .debug_info    0x00002eea      0x2c8 .\CortexM3\ARM_GCC_541\Debug\Design02.a(CapSense_CSD_CompCH0.o)
 .debug_info    0x000031b2      0x209 .\CortexM3\ARM_GCC_541\Debug\Design02.a(CapSense_CSD_IdacCH0.o)
 .debug_info    0x000033bb      0x1d3 .\CortexM3\ARM_GCC_541\Debug\Design02.a(CapSense_CSD_AMuxCH0.o)
 .debug_info    0x0000358e      0x283 .\CortexM3\ARM_GCC_541\Debug\Design02.a(CapSense_CSD_IntClock.o)
 .debug_info    0x00003811      0x1aa .\CortexM3\ARM_GCC_541\Debug\Design02.a(WaveDAC8_Wave1_DMA_dma.o)
 .debug_info    0x000039bb      0x1a7 .\CortexM3\ARM_GCC_541\Debug\Design02.a(WaveDAC8_Wave2_DMA_dma.o)
 .debug_info    0x00003b62      0x1de .\CortexM3\ARM_GCC_541\Debug\Design02.a(WaveDAC8_VDAC8.o)
 .debug_info    0x00003d40      0x151 .\CortexM3\ARM_GCC_541\Debug\Design02.a(WaveDAC8_BuffAmp.o)
 .debug_info    0x00003e91      0x94e .\CortexM3\ARM_GCC_541\Debug\Design02.a(CyDmac.o)
 .debug_info    0x000047df     0x1374 .\CortexM3\ARM_GCC_541\Debug\Design02.a(CyLib.o)
 .debug_info    0x00005b53      0xa2a .\CortexM3\ARM_GCC_541\Debug\Design02.a(cyPm.o)
 .debug_info    0x0000657d      0x283 .\CortexM3\ARM_GCC_541\Debug\Design02.a(Clock_1.o)
 .debug_info    0x00006800       0xa3 .\CortexM3\ARM_GCC_541\Debug\Design02.a(CyBootAsmGnu.o)
 .debug_info    0x000068a3      0x222 .\CortexM3\ARM_GCC_541\Debug\Design02.a(LCD_BarGraph.o)
 .debug_info    0x00006ac5      0x64d .\CortexM3\ARM_GCC_541\Debug\Design02.a(CyFlash.o)
 .debug_info    0x00007112      0x550 .\CortexM3\ARM_GCC_541\Debug\Design02.a(CySpc.o)

.debug_abbrev   0x00000000     0x1ec7
 *(.debug_abbrev)
 .debug_abbrev  0x00000000      0x171 .\CortexM3\ARM_GCC_541\Debug\main.o
 .debug_abbrev  0x00000171      0x21e .\CortexM3\ARM_GCC_541\Debug\cyfitter_cfg.o
 .debug_abbrev  0x0000038f       0x66 .\CortexM3\ARM_GCC_541\Debug\cymetadata.o
 .debug_abbrev  0x000003f5      0x1e8 .\CortexM3\ARM_GCC_541\Debug\Cm3Start.o
 .debug_abbrev  0x000005dd      0x193 .\CortexM3\ARM_GCC_541\Debug\Design02.a(CapSense_CSD.o)
 .debug_abbrev  0x00000770      0x192 .\CortexM3\ARM_GCC_541\Debug\Design02.a(CapSense_CSD_CSHL.o)
 .debug_abbrev  0x00000902       0x85 .\CortexM3\ARM_GCC_541\Debug\Design02.a(CapSense_CSD_INT.o)
 .debug_abbrev  0x00000987      0x10b .\CortexM3\ARM_GCC_541\Debug\Design02.a(WaveDAC8.o)
 .debug_abbrev  0x00000a92      0x168 .\CortexM3\ARM_GCC_541\Debug\Design02.a(LCD.o)
 .debug_abbrev  0x00000bfa      0x16e .\CortexM3\ARM_GCC_541\Debug\Design02.a(CapSense_CSD_CompCH0.o)
 .debug_abbrev  0x00000d68      0x106 .\CortexM3\ARM_GCC_541\Debug\Design02.a(CapSense_CSD_IdacCH0.o)
 .debug_abbrev  0x00000e6e       0xb3 .\CortexM3\ARM_GCC_541\Debug\Design02.a(CapSense_CSD_AMuxCH0.o)
 .debug_abbrev  0x00000f21      0x139 .\CortexM3\ARM_GCC_541\Debug\Design02.a(CapSense_CSD_IntClock.o)
 .debug_abbrev  0x0000105a       0xcd .\CortexM3\ARM_GCC_541\Debug\Design02.a(WaveDAC8_Wave1_DMA_dma.o)
 .debug_abbrev  0x00001127       0xcd .\CortexM3\ARM_GCC_541\Debug\Design02.a(WaveDAC8_Wave2_DMA_dma.o)
 .debug_abbrev  0x000011f4       0xf7 .\CortexM3\ARM_GCC_541\Debug\Design02.a(WaveDAC8_VDAC8.o)
 .debug_abbrev  0x000012eb       0xb2 .\CortexM3\ARM_GCC_541\Debug\Design02.a(WaveDAC8_BuffAmp.o)
 .debug_abbrev  0x0000139d      0x1b2 .\CortexM3\ARM_GCC_541\Debug\Design02.a(CyDmac.o)
 .debug_abbrev  0x0000154f      0x254 .\CortexM3\ARM_GCC_541\Debug\Design02.a(CyLib.o)
 .debug_abbrev  0x000017a3      0x1ab .\CortexM3\ARM_GCC_541\Debug\Design02.a(cyPm.o)
 .debug_abbrev  0x0000194e      0x139 .\CortexM3\ARM_GCC_541\Debug\Design02.a(Clock_1.o)
 .debug_abbrev  0x00001a87       0x14 .\CortexM3\ARM_GCC_541\Debug\Design02.a(CyBootAsmGnu.o)
 .debug_abbrev  0x00001a9b       0xf1 .\CortexM3\ARM_GCC_541\Debug\Design02.a(LCD_BarGraph.o)
 .debug_abbrev  0x00001b8c      0x1a7 .\CortexM3\ARM_GCC_541\Debug\Design02.a(CyFlash.o)
 .debug_abbrev  0x00001d33      0x194 .\CortexM3\ARM_GCC_541\Debug\Design02.a(CySpc.o)

.debug_line     0x00000000     0x2ed4
 *(.debug_line)
 .debug_line    0x00000000      0x308 .\CortexM3\ARM_GCC_541\Debug\main.o
 .debug_line    0x00000308      0x20c .\CortexM3\ARM_GCC_541\Debug\cyfitter_cfg.o
 .debug_line    0x00000514      0x141 .\CortexM3\ARM_GCC_541\Debug\cymetadata.o
 .debug_line    0x00000655      0x241 .\CortexM3\ARM_GCC_541\Debug\Cm3Start.o
 .debug_line    0x00000896      0x2bd .\CortexM3\ARM_GCC_541\Debug\Design02.a(CapSense_CSD.o)
 .debug_line    0x00000b53      0x2af .\CortexM3\ARM_GCC_541\Debug\Design02.a(CapSense_CSD_CSHL.o)
 .debug_line    0x00000e02       0x81 .\CortexM3\ARM_GCC_541\Debug\Design02.a(CapSense_CSD_INT.o)
 .debug_line    0x00000e83      0x153 .\CortexM3\ARM_GCC_541\Debug\Design02.a(WaveDAC8.o)
 .debug_line    0x00000fd6      0x1e6 .\CortexM3\ARM_GCC_541\Debug\Design02.a(LCD.o)
 .debug_line    0x000011bc      0x173 .\CortexM3\ARM_GCC_541\Debug\Design02.a(CapSense_CSD_CompCH0.o)
 .debug_line    0x0000132f      0x108 .\CortexM3\ARM_GCC_541\Debug\Design02.a(CapSense_CSD_IdacCH0.o)
 .debug_line    0x00001437       0xeb .\CortexM3\ARM_GCC_541\Debug\Design02.a(CapSense_CSD_AMuxCH0.o)
 .debug_line    0x00001522      0x184 .\CortexM3\ARM_GCC_541\Debug\Design02.a(CapSense_CSD_IntClock.o)
 .debug_line    0x000016a6       0x8f .\CortexM3\ARM_GCC_541\Debug\Design02.a(WaveDAC8_Wave1_DMA_dma.o)
 .debug_line    0x00001735       0x8f .\CortexM3\ARM_GCC_541\Debug\Design02.a(WaveDAC8_Wave2_DMA_dma.o)
 .debug_line    0x000017c4       0xea .\CortexM3\ARM_GCC_541\Debug\Design02.a(WaveDAC8_VDAC8.o)
 .debug_line    0x000018ae       0xb3 .\CortexM3\ARM_GCC_541\Debug\Design02.a(WaveDAC8_BuffAmp.o)
 .debug_line    0x00001961      0x2e4 .\CortexM3\ARM_GCC_541\Debug\Design02.a(CyDmac.o)
 .debug_line    0x00001c45      0x816 .\CortexM3\ARM_GCC_541\Debug\Design02.a(CyLib.o)
 .debug_line    0x0000245b      0x367 .\CortexM3\ARM_GCC_541\Debug\Design02.a(cyPm.o)
 .debug_line    0x000027c2      0x176 .\CortexM3\ARM_GCC_541\Debug\Design02.a(Clock_1.o)
 .debug_line    0x00002938       0x66 .\CortexM3\ARM_GCC_541\Debug\Design02.a(CyBootAsmGnu.o)
 .debug_line    0x0000299e       0xbc .\CortexM3\ARM_GCC_541\Debug\Design02.a(LCD_BarGraph.o)
 .debug_line    0x00002a5a      0x21a .\CortexM3\ARM_GCC_541\Debug\Design02.a(CyFlash.o)
 .debug_line    0x00002c74      0x260 .\CortexM3\ARM_GCC_541\Debug\Design02.a(CySpc.o)

.debug_frame    0x00000000     0x23a0
 *(.debug_frame)
 .debug_frame   0x00000000       0x98 .\CortexM3\ARM_GCC_541\Debug\main.o
 .debug_frame   0x00000098      0x104 .\CortexM3\ARM_GCC_541\Debug\cyfitter_cfg.o
 .debug_frame   0x0000019c       0xb8 .\CortexM3\ARM_GCC_541\Debug\Cm3Start.o
 .debug_frame   0x00000254      0x1e0 .\CortexM3\ARM_GCC_541\Debug\Design02.a(CapSense_CSD.o)
 .debug_frame   0x00000434      0x1d0 .\CortexM3\ARM_GCC_541\Debug\Design02.a(CapSense_CSD_CSHL.o)
 .debug_frame   0x00000604       0x2c .\CortexM3\ARM_GCC_541\Debug\Design02.a(CapSense_CSD_INT.o)
 .debug_frame   0x00000630       0xe0 .\CortexM3\ARM_GCC_541\Debug\Design02.a(WaveDAC8.o)
 .debug_frame   0x00000710      0x1e8 .\CortexM3\ARM_GCC_541\Debug\Design02.a(LCD.o)
 .debug_frame   0x000008f8      0x108 .\CortexM3\ARM_GCC_541\Debug\Design02.a(CapSense_CSD_CompCH0.o)
 .debug_frame   0x00000a00       0xd0 .\CortexM3\ARM_GCC_541\Debug\Design02.a(CapSense_CSD_IdacCH0.o)
 .debug_frame   0x00000ad0       0xb8 .\CortexM3\ARM_GCC_541\Debug\Design02.a(CapSense_CSD_AMuxCH0.o)
 .debug_frame   0x00000b88       0xe0 .\CortexM3\ARM_GCC_541\Debug\Design02.a(CapSense_CSD_IntClock.o)
 .debug_frame   0x00000c68       0x54 .\CortexM3\ARM_GCC_541\Debug\Design02.a(WaveDAC8_Wave1_DMA_dma.o)
 .debug_frame   0x00000cbc       0x54 .\CortexM3\ARM_GCC_541\Debug\Design02.a(WaveDAC8_Wave2_DMA_dma.o)
 .debug_frame   0x00000d10       0xb4 .\CortexM3\ARM_GCC_541\Debug\Design02.a(WaveDAC8_VDAC8.o)
 .debug_frame   0x00000dc4       0x78 .\CortexM3\ARM_GCC_541\Debug\Design02.a(WaveDAC8_BuffAmp.o)
 .debug_frame   0x00000e3c      0x1f8 .\CortexM3\ARM_GCC_541\Debug\Design02.a(CyDmac.o)
 .debug_frame   0x00001034      0x738 .\CortexM3\ARM_GCC_541\Debug\Design02.a(CyLib.o)
 .debug_frame   0x0000176c      0x1f8 .\CortexM3\ARM_GCC_541\Debug\Design02.a(cyPm.o)
 .debug_frame   0x00001964       0xe0 .\CortexM3\ARM_GCC_541\Debug\Design02.a(Clock_1.o)
 .debug_frame   0x00001a44       0x58 .\CortexM3\ARM_GCC_541\Debug\Design02.a(LCD_BarGraph.o)
 .debug_frame   0x00001a9c      0x194 .\CortexM3\ARM_GCC_541\Debug\Design02.a(CyFlash.o)
 .debug_frame   0x00001c30      0x180 .\CortexM3\ARM_GCC_541\Debug\Design02.a(CySpc.o)
 .debug_frame   0x00001db0       0x38 c:/program files (x86)/cypress/psoc creator/4.4/psoc creator/import/gnu/arm/5.4.1/bin/../lib/gcc/arm-none-eabi/5.4.1/../../../../arm-none-eabi/lib/armv7-m\libm.a(lib_a-s_sin.o)
 .debug_frame   0x00001de8       0x48 c:/program files (x86)/cypress/psoc creator/4.4/psoc creator/import/gnu/arm/5.4.1/bin/../lib/gcc/arm-none-eabi/5.4.1/../../../../arm-none-eabi/lib/armv7-m\libm.a(lib_a-e_rem_pio2.o)
 .debug_frame   0x00001e30       0x4c c:/program files (x86)/cypress/psoc creator/4.4/psoc creator/import/gnu/arm/5.4.1/bin/../lib/gcc/arm-none-eabi/5.4.1/../../../../arm-none-eabi/lib/armv7-m\libm.a(lib_a-k_cos.o)
 .debug_frame   0x00001e7c       0x50 c:/program files (x86)/cypress/psoc creator/4.4/psoc creator/import/gnu/arm/5.4.1/bin/../lib/gcc/arm-none-eabi/5.4.1/../../../../arm-none-eabi/lib/armv7-m\libm.a(lib_a-k_rem_pio2.o)
 .debug_frame   0x00001ecc       0x48 c:/program files (x86)/cypress/psoc creator/4.4/psoc creator/import/gnu/arm/5.4.1/bin/../lib/gcc/arm-none-eabi/5.4.1/../../../../arm-none-eabi/lib/armv7-m\libm.a(lib_a-k_sin.o)
 .debug_frame   0x00001f14       0x20 c:/program files (x86)/cypress/psoc creator/4.4/psoc creator/import/gnu/arm/5.4.1/bin/../lib/gcc/arm-none-eabi/5.4.1/../../../../arm-none-eabi/lib/armv7-m\libm.a(lib_a-s_fabs.o)
 .debug_frame   0x00001f34       0x34 c:/program files (x86)/cypress/psoc creator/4.4/psoc creator/import/gnu/arm/5.4.1/bin/../lib/gcc/arm-none-eabi/5.4.1/../../../../arm-none-eabi/lib/armv7-m\libm.a(lib_a-s_floor.o)
 .debug_frame   0x00001f68       0x30 c:/program files (x86)/cypress/psoc creator/4.4/psoc creator/import/gnu/arm/5.4.1/bin/../lib/gcc/arm-none-eabi/5.4.1/../../../../arm-none-eabi/lib/armv7-m\libm.a(lib_a-s_scalbn.o)
 .debug_frame   0x00001f98       0x20 c:/program files (x86)/cypress/psoc creator/4.4/psoc creator/import/gnu/arm/5.4.1/bin/../lib/gcc/arm-none-eabi/5.4.1/../../../../arm-none-eabi/lib/armv7-m\libm.a(lib_a-s_copysign.o)
 .debug_frame   0x00001fb8       0x20 c:/program files (x86)/cypress/psoc creator/4.4/psoc creator/import/gnu/arm/5.4.1/bin/../lib/gcc/arm-none-eabi/5.4.1/../../../../arm-none-eabi/lib/armv7-m\libg_nano.a(lib_a-errno.o)
 .debug_frame   0x00001fd8       0x28 c:/program files (x86)/cypress/psoc creator/4.4/psoc creator/import/gnu/arm/5.4.1/bin/../lib/gcc/arm-none-eabi/5.4.1/../../../../arm-none-eabi/lib/armv7-m\libg_nano.a(lib_a-exit.o)
 .debug_frame   0x00002000       0x2c c:/program files (x86)/cypress/psoc creator/4.4/psoc creator/import/gnu/arm/5.4.1/bin/../lib/gcc/arm-none-eabi/5.4.1/../../../../arm-none-eabi/lib/armv7-m\libg_nano.a(lib_a-init.o)
 .debug_frame   0x0000202c       0x28 c:/program files (x86)/cypress/psoc creator/4.4/psoc creator/import/gnu/arm/5.4.1/bin/../lib/gcc/arm-none-eabi/5.4.1/../../../../arm-none-eabi/lib/armv7-m\libg_nano.a(lib_a-memcpy-stub.o)
 .debug_frame   0x00002054       0x20 c:/program files (x86)/cypress/psoc creator/4.4/psoc creator/import/gnu/arm/5.4.1/bin/../lib/gcc/arm-none-eabi/5.4.1/../../../../arm-none-eabi/lib/armv7-m\libg_nano.a(lib_a-memset.o)
 .debug_frame   0x00002074       0x74 c:/program files (x86)/cypress/psoc creator/4.4/psoc creator/import/gnu/arm/5.4.1/bin/../lib/gcc/arm-none-eabi/5.4.1/../../../../arm-none-eabi/lib/armv7-m\libg_nano.a(lib_a-snprintf.o)
 .debug_frame   0x000020e8       0x90 c:/program files (x86)/cypress/psoc creator/4.4/psoc creator/import/gnu/arm/5.4.1/bin/../lib/gcc/arm-none-eabi/5.4.1/../../../../arm-none-eabi/lib/armv7-m\libg_nano.a(lib_a-nano-svfprintf.o)
 .debug_frame   0x00002178       0x60 c:/program files (x86)/cypress/psoc creator/4.4/psoc creator/import/gnu/arm/5.4.1/bin/../lib/gcc/arm-none-eabi/5.4.1/../../../../arm-none-eabi/lib/armv7-m\libg_nano.a(lib_a-nano-vfprintf_i.o)
 .debug_frame   0x000021d8       0x28 c:/program files (x86)/cypress/psoc creator/4.4/psoc creator/import/gnu/arm/5.4.1/bin/../lib/gcc/arm-none-eabi/5.4.1/../../../../arm-none-eabi/lib/armv7-m\libg_nano.a(lib_a-memchr-stub.o)
 .debug_frame   0x00002200       0x28 c:/program files (x86)/cypress/psoc creator/4.4/psoc creator/import/gnu/arm/5.4.1/bin/../lib/gcc/arm-none-eabi/5.4.1/../../../../arm-none-eabi/lib/armv7-m\libg_nano.a(lib_a-memmove.o)
 .debug_frame   0x00002228       0x38 c:/program files (x86)/cypress/psoc creator/4.4/psoc creator/import/gnu/arm/5.4.1/bin/../lib/gcc/arm-none-eabi/5.4.1/../../../../arm-none-eabi/lib/armv7-m\libg_nano.a(lib_a-nano-freer.o)
 .debug_frame   0x00002260       0x2c c:/program files (x86)/cypress/psoc creator/4.4/psoc creator/import/gnu/arm/5.4.1/bin/../lib/gcc/arm-none-eabi/5.4.1/../../../../arm-none-eabi/lib/armv7-m\libg_nano.a(lib_a-nano-mallocr.o)
 .debug_frame   0x0000228c       0x3c c:/program files (x86)/cypress/psoc creator/4.4/psoc creator/import/gnu/arm/5.4.1/bin/../lib/gcc/arm-none-eabi/5.4.1/../../../../arm-none-eabi/lib/armv7-m\libg_nano.a(lib_a-nano-reallocr.o)
 .debug_frame   0x000022c8       0x2c c:/program files (x86)/cypress/psoc creator/4.4/psoc creator/import/gnu/arm/5.4.1/bin/../lib/gcc/arm-none-eabi/5.4.1/../../../../arm-none-eabi/lib/armv7-m\libg_nano.a(lib_a-sbrkr.o)
 .debug_frame   0x000022f4       0x30 c:/program files (x86)/cypress/psoc creator/4.4/psoc creator/import/gnu/arm/5.4.1/bin/../lib/gcc/arm-none-eabi/5.4.1/../../../../arm-none-eabi/lib/armv7-m\libg_nano.a(lib_a-mlock.o)
 .debug_frame   0x00002324       0x20 c:/program files (x86)/cypress/psoc creator/4.4/psoc creator/import/gnu/arm/5.4.1/bin/../lib/gcc/arm-none-eabi/5.4.1/../../../../arm-none-eabi/lib/armv7-m\libg_nano.a(lib_a-nano-msizer.o)
 .debug_frame   0x00002344       0x5c c:/program files (x86)/cypress/psoc creator/4.4/psoc creator/import/gnu/arm/5.4.1/bin/../lib/gcc/arm-none-eabi/5.4.1/../../../../arm-none-eabi/lib/armv7-m\libg_nano.a(lib_a-reent.o)

.debug_str      0x00000000     0x2d06
 *(.debug_str)
 .debug_str     0x00000000      0x3b5 .\CortexM3\ARM_GCC_541\Debug\main.o
                                0x3fd (size before relaxing)
 .debug_str     0x000003b5      0x1fc .\CortexM3\ARM_GCC_541\Debug\cyfitter_cfg.o
                                0x3a4 (size before relaxing)
 .debug_str     0x000005b1       0x7f .\CortexM3\ARM_GCC_541\Debug\cymetadata.o
                                0x1f7 (size before relaxing)
 .debug_str     0x00000630      0x14e .\CortexM3\ARM_GCC_541\Debug\Cm3Start.o
                                0x32d (size before relaxing)
 .debug_str     0x0000077e      0x4e7 .\CortexM3\ARM_GCC_541\Debug\Design02.a(CapSense_CSD.o)
                                0x715 (size before relaxing)
 .debug_str     0x00000c65      0x36f .\CortexM3\ARM_GCC_541\Debug\Design02.a(CapSense_CSD_CSHL.o)
                                0x6a2 (size before relaxing)
 .debug_str     0x00000fd4       0x42 .\CortexM3\ARM_GCC_541\Debug\Design02.a(CapSense_CSD_INT.o)
                                0x247 (size before relaxing)
 .debug_str     0x00001016      0x288 .\CortexM3\ARM_GCC_541\Debug\Design02.a(WaveDAC8.o)
                                0x44d (size before relaxing)
 .debug_str     0x0000129e      0x16d .\CortexM3\ARM_GCC_541\Debug\Design02.a(LCD.o)
                                0x362 (size before relaxing)
 .debug_str     0x0000140b      0x199 .\CortexM3\ARM_GCC_541\Debug\Design02.a(CapSense_CSD_CompCH0.o)
                                0x3a1 (size before relaxing)
 .debug_str     0x000015a4       0xb5 .\CortexM3\ARM_GCC_541\Debug\Design02.a(CapSense_CSD_IdacCH0.o)
                                0x2f2 (size before relaxing)
 .debug_str     0x00001659      0x105 .\CortexM3\ARM_GCC_541\Debug\Design02.a(CapSense_CSD_AMuxCH0.o)
                                0x2da (size before relaxing)
 .debug_str     0x0000175e      0x1d3 .\CortexM3\ARM_GCC_541\Debug\Design02.a(CapSense_CSD_IntClock.o)
                                0x3a9 (size before relaxing)
 .debug_str     0x00001931       0xe8 .\CortexM3\ARM_GCC_541\Debug\Design02.a(WaveDAC8_Wave1_DMA_dma.o)
                                0x2b3 (size before relaxing)
 .debug_str     0x00001a19       0x6b .\CortexM3\ARM_GCC_541\Debug\Design02.a(WaveDAC8_Wave2_DMA_dma.o)
                                0x2b3 (size before relaxing)
 .debug_str     0x00001a84       0x6b .\CortexM3\ARM_GCC_541\Debug\Design02.a(WaveDAC8_VDAC8.o)
                                0x28c (size before relaxing)
 .debug_str     0x00001aef       0x90 .\CortexM3\ARM_GCC_541\Debug\Design02.a(WaveDAC8_BuffAmp.o)
                                0x257 (size before relaxing)
 .debug_str     0x00001b7f      0x2aa .\CortexM3\ARM_GCC_541\Debug\Design02.a(CyDmac.o)
                                0x55d (size before relaxing)
 .debug_str     0x00001e29      0x7ae .\CortexM3\ARM_GCC_541\Debug\Design02.a(CyLib.o)
                                0xa5a (size before relaxing)
 .debug_str     0x000025d7      0x365 .\CortexM3\ARM_GCC_541\Debug\Design02.a(cyPm.o)
                                0x746 (size before relaxing)
 .debug_str     0x0000293c       0xee .\CortexM3\ARM_GCC_541\Debug\Design02.a(Clock_1.o)
                                0x301 (size before relaxing)
 .debug_str     0x00002a2a       0x75 .\CortexM3\ARM_GCC_541\Debug\Design02.a(LCD_BarGraph.o)
                                0x26e (size before relaxing)
 .debug_str     0x00002a9f      0x1bb .\CortexM3\ARM_GCC_541\Debug\Design02.a(CyFlash.o)
                                0x3d3 (size before relaxing)
 .debug_str     0x00002c5a       0xac .\CortexM3\ARM_GCC_541\Debug\Design02.a(CySpc.o)
                                0x34b (size before relaxing)

.debug_loc      0x00000000     0x3cc2
 *(.debug_loc)
 .debug_loc     0x00000000      0x114 .\CortexM3\ARM_GCC_541\Debug\main.o
 .debug_loc     0x00000114      0x219 .\CortexM3\ARM_GCC_541\Debug\cyfitter_cfg.o
 .debug_loc     0x0000032d      0x144 .\CortexM3\ARM_GCC_541\Debug\Cm3Start.o
 .debug_loc     0x00000471      0x24e .\CortexM3\ARM_GCC_541\Debug\Design02.a(CapSense_CSD.o)
 .debug_loc     0x000006bf      0x7fc .\CortexM3\ARM_GCC_541\Debug\Design02.a(CapSense_CSD_CSHL.o)
 .debug_loc     0x00000ebb      0x11b .\CortexM3\ARM_GCC_541\Debug\Design02.a(WaveDAC8.o)
 .debug_loc     0x00000fd6      0x3c6 .\CortexM3\ARM_GCC_541\Debug\Design02.a(LCD.o)
 .debug_loc     0x0000139c       0xed .\CortexM3\ARM_GCC_541\Debug\Design02.a(CapSense_CSD_CompCH0.o)
 .debug_loc     0x00001489       0x76 .\CortexM3\ARM_GCC_541\Debug\Design02.a(CapSense_CSD_IdacCH0.o)
 .debug_loc     0x000014ff       0x6c .\CortexM3\ARM_GCC_541\Debug\Design02.a(CapSense_CSD_AMuxCH0.o)
 .debug_loc     0x0000156b      0x12c .\CortexM3\ARM_GCC_541\Debug\Design02.a(CapSense_CSD_IntClock.o)
 .debug_loc     0x00001697       0x84 .\CortexM3\ARM_GCC_541\Debug\Design02.a(WaveDAC8_Wave1_DMA_dma.o)
 .debug_loc     0x0000171b       0x84 .\CortexM3\ARM_GCC_541\Debug\Design02.a(WaveDAC8_Wave2_DMA_dma.o)
 .debug_loc     0x0000179f       0x79 .\CortexM3\ARM_GCC_541\Debug\Design02.a(WaveDAC8_VDAC8.o)
 .debug_loc     0x00001818       0x21 .\CortexM3\ARM_GCC_541\Debug\Design02.a(WaveDAC8_BuffAmp.o)
 .debug_loc     0x00001839      0xb8e .\CortexM3\ARM_GCC_541\Debug\Design02.a(CyDmac.o)
 .debug_loc     0x000023c7      0xa11 .\CortexM3\ARM_GCC_541\Debug\Design02.a(CyLib.o)
 .debug_loc     0x00002dd8      0x1e4 .\CortexM3\ARM_GCC_541\Debug\Design02.a(cyPm.o)
 .debug_loc     0x00002fbc      0x128 .\CortexM3\ARM_GCC_541\Debug\Design02.a(Clock_1.o)
 .debug_loc     0x000030e4      0x127 .\CortexM3\ARM_GCC_541\Debug\Design02.a(LCD_BarGraph.o)
 .debug_loc     0x0000320b      0x3b2 .\CortexM3\ARM_GCC_541\Debug\Design02.a(CyFlash.o)
 .debug_loc     0x000035bd      0x705 .\CortexM3\ARM_GCC_541\Debug\Design02.a(CySpc.o)

.debug_macinfo
 *(.debug_macinfo)

.debug_ranges   0x00000000      0x9f8
 *(.debug_ranges)
 .debug_ranges  0x00000000       0x48 .\CortexM3\ARM_GCC_541\Debug\main.o
 .debug_ranges  0x00000048       0x58 .\CortexM3\ARM_GCC_541\Debug\cyfitter_cfg.o
 .debug_ranges  0x000000a0       0x38 .\CortexM3\ARM_GCC_541\Debug\Cm3Start.o
 .debug_ranges  0x000000d8       0xa0 .\CortexM3\ARM_GCC_541\Debug\Design02.a(CapSense_CSD.o)
 .debug_ranges  0x00000178       0x78 .\CortexM3\ARM_GCC_541\Debug\Design02.a(CapSense_CSD_CSHL.o)
 .debug_ranges  0x000001f0       0x10 .\CortexM3\ARM_GCC_541\Debug\Design02.a(CapSense_CSD_INT.o)
 .debug_ranges  0x00000200       0x40 .\CortexM3\ARM_GCC_541\Debug\Design02.a(WaveDAC8.o)
 .debug_ranges  0x00000240       0x88 .\CortexM3\ARM_GCC_541\Debug\Design02.a(LCD.o)
 .debug_ranges  0x000002c8       0x60 .\CortexM3\ARM_GCC_541\Debug\Design02.a(CapSense_CSD_CompCH0.o)
 .debug_ranges  0x00000328       0x50 .\CortexM3\ARM_GCC_541\Debug\Design02.a(CapSense_CSD_IdacCH0.o)
 .debug_ranges  0x00000378       0x38 .\CortexM3\ARM_GCC_541\Debug\Design02.a(CapSense_CSD_AMuxCH0.o)
 .debug_ranges  0x000003b0       0x60 .\CortexM3\ARM_GCC_541\Debug\Design02.a(CapSense_CSD_IntClock.o)
 .debug_ranges  0x00000410       0x18 .\CortexM3\ARM_GCC_541\Debug\Design02.a(WaveDAC8_Wave1_DMA_dma.o)
 .debug_ranges  0x00000428       0x18 .\CortexM3\ARM_GCC_541\Debug\Design02.a(WaveDAC8_Wave2_DMA_dma.o)
 .debug_ranges  0x00000440       0x48 .\CortexM3\ARM_GCC_541\Debug\Design02.a(WaveDAC8_VDAC8.o)
 .debug_ranges  0x00000488       0x30 .\CortexM3\ARM_GCC_541\Debug\Design02.a(WaveDAC8_BuffAmp.o)
 .debug_ranges  0x000004b8       0xc8 .\CortexM3\ARM_GCC_541\Debug\Design02.a(CyDmac.o)
 .debug_ranges  0x00000580      0x290 .\CortexM3\ARM_GCC_541\Debug\Design02.a(CyLib.o)
 .debug_ranges  0x00000810       0x88 .\CortexM3\ARM_GCC_541\Debug\Design02.a(cyPm.o)
 .debug_ranges  0x00000898       0x60 .\CortexM3\ARM_GCC_541\Debug\Design02.a(Clock_1.o)
 .debug_ranges  0x000008f8       0x18 .\CortexM3\ARM_GCC_541\Debug\Design02.a(LCD_BarGraph.o)
 .debug_ranges  0x00000910       0x78 .\CortexM3\ARM_GCC_541\Debug\Design02.a(CyFlash.o)
 .debug_ranges  0x00000988       0x70 .\CortexM3\ARM_GCC_541\Debug\Design02.a(CySpc.o)

.comment        0x00000000       0x6e
 .comment       0x00000000       0x6e .\CortexM3\ARM_GCC_541\Debug\main.o
                                 0x6f (size before relaxing)
 .comment       0x0000006e       0x6f .\CortexM3\ARM_GCC_541\Debug\cyfitter_cfg.o
 .comment       0x0000006e       0x6f .\CortexM3\ARM_GCC_541\Debug\cymetadata.o
 .comment       0x0000006e       0x6f .\CortexM3\ARM_GCC_541\Debug\Cm3Start.o
 .comment       0x0000006e       0x6f .\CortexM3\ARM_GCC_541\Debug\Design02.a(CapSense_CSD.o)
 .comment       0x0000006e       0x6f .\CortexM3\ARM_GCC_541\Debug\Design02.a(CapSense_CSD_CSHL.o)
 .comment       0x0000006e       0x6f .\CortexM3\ARM_GCC_541\Debug\Design02.a(CapSense_CSD_INT.o)
 .comment       0x0000006e       0x6f .\CortexM3\ARM_GCC_541\Debug\Design02.a(WaveDAC8.o)
 .comment       0x0000006e       0x6f .\CortexM3\ARM_GCC_541\Debug\Design02.a(LCD.o)
 .comment       0x0000006e       0x6f .\CortexM3\ARM_GCC_541\Debug\Design02.a(CapSense_CSD_CompCH0.o)
 .comment       0x0000006e       0x6f .\CortexM3\ARM_GCC_541\Debug\Design02.a(CapSense_CSD_IdacCH0.o)
 .comment       0x0000006e       0x6f .\CortexM3\ARM_GCC_541\Debug\Design02.a(CapSense_CSD_AMuxCH0.o)
 .comment       0x0000006e       0x6f .\CortexM3\ARM_GCC_541\Debug\Design02.a(CapSense_CSD_IntClock.o)
 .comment       0x0000006e       0x6f .\CortexM3\ARM_GCC_541\Debug\Design02.a(WaveDAC8_Wave1_DMA_dma.o)
 .comment       0x0000006e       0x6f .\CortexM3\ARM_GCC_541\Debug\Design02.a(WaveDAC8_Wave2_DMA_dma.o)
 .comment       0x0000006e       0x6f .\CortexM3\ARM_GCC_541\Debug\Design02.a(WaveDAC8_VDAC8.o)
 .comment       0x0000006e       0x6f .\CortexM3\ARM_GCC_541\Debug\Design02.a(WaveDAC8_BuffAmp.o)
 .comment       0x0000006e       0x6f .\CortexM3\ARM_GCC_541\Debug\Design02.a(CyDmac.o)
 .comment       0x0000006e       0x6f .\CortexM3\ARM_GCC_541\Debug\Design02.a(CyLib.o)
 .comment       0x0000006e       0x6f .\CortexM3\ARM_GCC_541\Debug\Design02.a(cyPm.o)
 .comment       0x0000006e       0x6f .\CortexM3\ARM_GCC_541\Debug\Design02.a(Clock_1.o)
 .comment       0x0000006e       0x6f .\CortexM3\ARM_GCC_541\Debug\Design02.a(LCD_BarGraph.o)
 .comment       0x0000006e       0x6f .\CortexM3\ARM_GCC_541\Debug\Design02.a(CyFlash.o)
 .comment       0x0000006e       0x6f .\CortexM3\ARM_GCC_541\Debug\Design02.a(CySpc.o)

.debug_weaknames
 *(.debug_weaknames)

.debug_funcnames
 *(.debug_funcnames)

.debug_typenames
 *(.debug_typenames)

.debug_varnames
 *(.debug_varnames)

.note.gnu.arm.ident
 *(.note.gnu.arm.ident)

.ARM.attributes
                0x00000000       0x29
 *(.ARM.attributes)
 .ARM.attributes
                0x00000000       0x1d c:/program files (x86)/cypress/psoc creator/4.4/psoc creator/import/gnu/arm/5.4.1/bin/../lib/gcc/arm-none-eabi/5.4.1/armv7-m/crti.o
 .ARM.attributes
                0x0000001d       0x2d c:/program files (x86)/cypress/psoc creator/4.4/psoc creator/import/gnu/arm/5.4.1/bin/../lib/gcc/arm-none-eabi/5.4.1/armv7-m/crtbegin.o
 .ARM.attributes
                0x0000004a       0x1b c:/program files (x86)/cypress/psoc creator/4.4/psoc creator/import/gnu/arm/5.4.1/bin/../lib/gcc/arm-none-eabi/5.4.1/../../../../arm-none-eabi/lib/armv7-m/crt0.o
 .ARM.attributes
                0x00000065       0x33 .\CortexM3\ARM_GCC_541\Debug\main.o
 .ARM.attributes
                0x00000098       0x33 .\CortexM3\ARM_GCC_541\Debug\cyfitter_cfg.o
 .ARM.attributes
                0x000000cb       0x33 .\CortexM3\ARM_GCC_541\Debug\cymetadata.o
 .ARM.attributes
                0x000000fe       0x33 .\CortexM3\ARM_GCC_541\Debug\Cm3Start.o
 .ARM.attributes
                0x00000131       0x33 .\CortexM3\ARM_GCC_541\Debug\Design02.a(CapSense_CSD.o)
 .ARM.attributes
                0x00000164       0x33 .\CortexM3\ARM_GCC_541\Debug\Design02.a(CapSense_CSD_CSHL.o)
 .ARM.attributes
                0x00000197       0x33 .\CortexM3\ARM_GCC_541\Debug\Design02.a(CapSense_CSD_INT.o)
 .ARM.attributes
                0x000001ca       0x33 .\CortexM3\ARM_GCC_541\Debug\Design02.a(WaveDAC8.o)
 .ARM.attributes
                0x000001fd       0x33 .\CortexM3\ARM_GCC_541\Debug\Design02.a(LCD.o)
 .ARM.attributes
                0x00000230       0x33 .\CortexM3\ARM_GCC_541\Debug\Design02.a(CapSense_CSD_CompCH0.o)
 .ARM.attributes
                0x00000263       0x33 .\CortexM3\ARM_GCC_541\Debug\Design02.a(CapSense_CSD_IdacCH0.o)
 .ARM.attributes
                0x00000296       0x33 .\CortexM3\ARM_GCC_541\Debug\Design02.a(CapSense_CSD_AMuxCH0.o)
 .ARM.attributes
                0x000002c9       0x33 .\CortexM3\ARM_GCC_541\Debug\Design02.a(CapSense_CSD_IntClock.o)
 .ARM.attributes
                0x000002fc       0x33 .\CortexM3\ARM_GCC_541\Debug\Design02.a(WaveDAC8_Wave1_DMA_dma.o)
 .ARM.attributes
                0x0000032f       0x33 .\CortexM3\ARM_GCC_541\Debug\Design02.a(WaveDAC8_Wave2_DMA_dma.o)
 .ARM.attributes
                0x00000362       0x33 .\CortexM3\ARM_GCC_541\Debug\Design02.a(WaveDAC8_VDAC8.o)
 .ARM.attributes
                0x00000395       0x33 .\CortexM3\ARM_GCC_541\Debug\Design02.a(WaveDAC8_BuffAmp.o)
 .ARM.attributes
                0x000003c8       0x33 .\CortexM3\ARM_GCC_541\Debug\Design02.a(CyDmac.o)
 .ARM.attributes
                0x000003fb       0x33 .\CortexM3\ARM_GCC_541\Debug\Design02.a(CyLib.o)
 .ARM.attributes
                0x0000042e       0x33 .\CortexM3\ARM_GCC_541\Debug\Design02.a(cyPm.o)
 .ARM.attributes
                0x00000461       0x33 .\CortexM3\ARM_GCC_541\Debug\Design02.a(Clock_1.o)
 .ARM.attributes
                0x00000494       0x21 .\CortexM3\ARM_GCC_541\Debug\Design02.a(CyBootAsmGnu.o)
 .ARM.attributes
                0x000004b5       0x33 .\CortexM3\ARM_GCC_541\Debug\Design02.a(LCD_BarGraph.o)
 .ARM.attributes
                0x000004e8       0x33 .\CortexM3\ARM_GCC_541\Debug\Design02.a(CyFlash.o)
 .ARM.attributes
                0x0000051b       0x33 .\CortexM3\ARM_GCC_541\Debug\Design02.a(CySpc.o)
 .ARM.attributes
                0x0000054e       0x2d c:/program files (x86)/cypress/psoc creator/4.4/psoc creator/import/gnu/arm/5.4.1/bin/../lib/gcc/arm-none-eabi/5.4.1/../../../../arm-none-eabi/lib/armv7-m\libm.a(lib_a-s_sin.o)
 .ARM.attributes
                0x0000057b       0x2d c:/program files (x86)/cypress/psoc creator/4.4/psoc creator/import/gnu/arm/5.4.1/bin/../lib/gcc/arm-none-eabi/5.4.1/../../../../arm-none-eabi/lib/armv7-m\libm.a(lib_a-e_rem_pio2.o)
 .ARM.attributes
                0x000005a8       0x2d c:/program files (x86)/cypress/psoc creator/4.4/psoc creator/import/gnu/arm/5.4.1/bin/../lib/gcc/arm-none-eabi/5.4.1/../../../../arm-none-eabi/lib/armv7-m\libm.a(lib_a-k_cos.o)
 .ARM.attributes
                0x000005d5       0x2d c:/program files (x86)/cypress/psoc creator/4.4/psoc creator/import/gnu/arm/5.4.1/bin/../lib/gcc/arm-none-eabi/5.4.1/../../../../arm-none-eabi/lib/armv7-m\libm.a(lib_a-k_rem_pio2.o)
 .ARM.attributes
                0x00000602       0x2d c:/program files (x86)/cypress/psoc creator/4.4/psoc creator/import/gnu/arm/5.4.1/bin/../lib/gcc/arm-none-eabi/5.4.1/../../../../arm-none-eabi/lib/armv7-m\libm.a(lib_a-k_sin.o)
 .ARM.attributes
                0x0000062f       0x2d c:/program files (x86)/cypress/psoc creator/4.4/psoc creator/import/gnu/arm/5.4.1/bin/../lib/gcc/arm-none-eabi/5.4.1/../../../../arm-none-eabi/lib/armv7-m\libm.a(lib_a-s_fabs.o)
 .ARM.attributes
                0x0000065c       0x2d c:/program files (x86)/cypress/psoc creator/4.4/psoc creator/import/gnu/arm/5.4.1/bin/../lib/gcc/arm-none-eabi/5.4.1/../../../../arm-none-eabi/lib/armv7-m\libm.a(lib_a-s_floor.o)
 .ARM.attributes
                0x00000689       0x2d c:/program files (x86)/cypress/psoc creator/4.4/psoc creator/import/gnu/arm/5.4.1/bin/../lib/gcc/arm-none-eabi/5.4.1/../../../../arm-none-eabi/lib/armv7-m\libm.a(lib_a-s_scalbn.o)
 .ARM.attributes
                0x000006b6       0x2d c:/program files (x86)/cypress/psoc creator/4.4/psoc creator/import/gnu/arm/5.4.1/bin/../lib/gcc/arm-none-eabi/5.4.1/../../../../arm-none-eabi/lib/armv7-m\libm.a(lib_a-s_copysign.o)
 .ARM.attributes
                0x000006e3       0x1d c:/program files (x86)/cypress/psoc creator/4.4/psoc creator/import/gnu/arm/5.4.1/bin/../lib/gcc/arm-none-eabi/5.4.1/armv7-m\libgcc.a(_arm_addsubdf3.o)
 .ARM.attributes
                0x00000700       0x1d c:/program files (x86)/cypress/psoc creator/4.4/psoc creator/import/gnu/arm/5.4.1/bin/../lib/gcc/arm-none-eabi/5.4.1/armv7-m\libgcc.a(_arm_muldivdf3.o)
 .ARM.attributes
                0x0000071d       0x1d c:/program files (x86)/cypress/psoc creator/4.4/psoc creator/import/gnu/arm/5.4.1/bin/../lib/gcc/arm-none-eabi/5.4.1/armv7-m\libgcc.a(_arm_cmpdf2.o)
 .ARM.attributes
                0x0000073a       0x1d c:/program files (x86)/cypress/psoc creator/4.4/psoc creator/import/gnu/arm/5.4.1/bin/../lib/gcc/arm-none-eabi/5.4.1/armv7-m\libgcc.a(_arm_fixdfsi.o)
 .ARM.attributes
                0x00000757       0x1d c:/program files (x86)/cypress/psoc creator/4.4/psoc creator/import/gnu/arm/5.4.1/bin/../lib/gcc/arm-none-eabi/5.4.1/armv7-m\libgcc.a(_arm_fixunsdfsi.o)
 .ARM.attributes
                0x00000774       0x2d c:/program files (x86)/cypress/psoc creator/4.4/psoc creator/import/gnu/arm/5.4.1/bin/../lib/gcc/arm-none-eabi/5.4.1/../../../../arm-none-eabi/lib/armv7-m\libg_nano.a(lib_a-errno.o)
 .ARM.attributes
                0x000007a1       0x2d c:/program files (x86)/cypress/psoc creator/4.4/psoc creator/import/gnu/arm/5.4.1/bin/../lib/gcc/arm-none-eabi/5.4.1/../../../../arm-none-eabi/lib/armv7-m\libg_nano.a(lib_a-exit.o)
 .ARM.attributes
                0x000007ce       0x2d c:/program files (x86)/cypress/psoc creator/4.4/psoc creator/import/gnu/arm/5.4.1/bin/../lib/gcc/arm-none-eabi/5.4.1/../../../../arm-none-eabi/lib/armv7-m\libg_nano.a(lib_a-impure.o)
 .ARM.attributes
                0x000007fb       0x2d c:/program files (x86)/cypress/psoc creator/4.4/psoc creator/import/gnu/arm/5.4.1/bin/../lib/gcc/arm-none-eabi/5.4.1/../../../../arm-none-eabi/lib/armv7-m\libg_nano.a(lib_a-init.o)
 .ARM.attributes
                0x00000828       0x2d c:/program files (x86)/cypress/psoc creator/4.4/psoc creator/import/gnu/arm/5.4.1/bin/../lib/gcc/arm-none-eabi/5.4.1/../../../../arm-none-eabi/lib/armv7-m\libg_nano.a(lib_a-memcpy-stub.o)
 .ARM.attributes
                0x00000855       0x2d c:/program files (x86)/cypress/psoc creator/4.4/psoc creator/import/gnu/arm/5.4.1/bin/../lib/gcc/arm-none-eabi/5.4.1/../../../../arm-none-eabi/lib/armv7-m\libg_nano.a(lib_a-memset.o)
 .ARM.attributes
                0x00000882       0x2d c:/program files (x86)/cypress/psoc creator/4.4/psoc creator/import/gnu/arm/5.4.1/bin/../lib/gcc/arm-none-eabi/5.4.1/../../../../arm-none-eabi/lib/armv7-m\libg_nano.a(lib_a-snprintf.o)
 .ARM.attributes
                0x000008af       0x2d c:/program files (x86)/cypress/psoc creator/4.4/psoc creator/import/gnu/arm/5.4.1/bin/../lib/gcc/arm-none-eabi/5.4.1/../../../../arm-none-eabi/lib/armv7-m\libg_nano.a(lib_a-nano-svfprintf.o)
 .ARM.attributes
                0x000008dc       0x2d c:/program files (x86)/cypress/psoc creator/4.4/psoc creator/import/gnu/arm/5.4.1/bin/../lib/gcc/arm-none-eabi/5.4.1/../../../../arm-none-eabi/lib/armv7-m\libg_nano.a(lib_a-nano-vfprintf_i.o)
 .ARM.attributes
                0x00000909       0x2d c:/program files (x86)/cypress/psoc creator/4.4/psoc creator/import/gnu/arm/5.4.1/bin/../lib/gcc/arm-none-eabi/5.4.1/../../../../arm-none-eabi/lib/armv7-m\libg_nano.a(lib_a-memchr-stub.o)
 .ARM.attributes
                0x00000936       0x2d c:/program files (x86)/cypress/psoc creator/4.4/psoc creator/import/gnu/arm/5.4.1/bin/../lib/gcc/arm-none-eabi/5.4.1/../../../../arm-none-eabi/lib/armv7-m\libg_nano.a(lib_a-memmove.o)
 .ARM.attributes
                0x00000963       0x2d c:/program files (x86)/cypress/psoc creator/4.4/psoc creator/import/gnu/arm/5.4.1/bin/../lib/gcc/arm-none-eabi/5.4.1/../../../../arm-none-eabi/lib/armv7-m\libg_nano.a(lib_a-nano-freer.o)
 .ARM.attributes
                0x00000990       0x2d c:/program files (x86)/cypress/psoc creator/4.4/psoc creator/import/gnu/arm/5.4.1/bin/../lib/gcc/arm-none-eabi/5.4.1/../../../../arm-none-eabi/lib/armv7-m\libg_nano.a(lib_a-nano-mallocr.o)
 .ARM.attributes
                0x000009bd       0x2d c:/program files (x86)/cypress/psoc creator/4.4/psoc creator/import/gnu/arm/5.4.1/bin/../lib/gcc/arm-none-eabi/5.4.1/../../../../arm-none-eabi/lib/armv7-m\libg_nano.a(lib_a-nano-reallocr.o)
 .ARM.attributes
                0x000009ea       0x2d c:/program files (x86)/cypress/psoc creator/4.4/psoc creator/import/gnu/arm/5.4.1/bin/../lib/gcc/arm-none-eabi/5.4.1/../../../../arm-none-eabi/lib/armv7-m\libg_nano.a(lib_a-sbrkr.o)
 .ARM.attributes
                0x00000a17       0x2d c:/program files (x86)/cypress/psoc creator/4.4/psoc creator/import/gnu/arm/5.4.1/bin/../lib/gcc/arm-none-eabi/5.4.1/../../../../arm-none-eabi/lib/armv7-m\libg_nano.a(lib_a-mlock.o)
 .ARM.attributes
                0x00000a44       0x2d c:/program files (x86)/cypress/psoc creator/4.4/psoc creator/import/gnu/arm/5.4.1/bin/../lib/gcc/arm-none-eabi/5.4.1/../../../../arm-none-eabi/lib/armv7-m\libg_nano.a(lib_a-nano-msizer.o)
 .ARM.attributes
                0x00000a71       0x2d c:/program files (x86)/cypress/psoc creator/4.4/psoc creator/import/gnu/arm/5.4.1/bin/../lib/gcc/arm-none-eabi/5.4.1/../../../../arm-none-eabi/lib/armv7-m\libg_nano.a(lib_a-reent.o)
 .ARM.attributes
                0x00000a9e       0x2d c:/program files (x86)/cypress/psoc creator/4.4/psoc creator/import/gnu/arm/5.4.1/bin/../lib/gcc/arm-none-eabi/5.4.1/armv7-m/crtend.o
 .ARM.attributes
                0x00000acb       0x1d c:/program files (x86)/cypress/psoc creator/4.4/psoc creator/import/gnu/arm/5.4.1/bin/../lib/gcc/arm-none-eabi/5.4.1/armv7-m/crtn.o

/DISCARD/
 *(.note.GNU-stack)
OUTPUT(E:\Embeded System Lab\ENDSEM-PROJECT\COMPLETE project\Workspace-Final\Design02.cydsn\CortexM3\ARM_GCC_541\Debug\Design02.elf elf32-littlearm)